border_size=1
usage=map

Gs^Fds      , Gs^Fds      , Gs^Fds      , Gs^Fds      , Mm          , Gs^Fds      , Gs^Fds      , Gs^Fds      , Gs^Fds      , Gs^Fds      , Gs^Fds      , Gs^Fds      , Gs^Fds      , Gg          , Gg          , Gg          , Gg          , Ww          , Gg          , Gg          , Gg          , Gg          , Gg          , Gg          , Gg          , Gg          , Gg          , Gg          , Gg          , Gg          , Gg          , Gg          , Gg          , Gg          , Gg          , Gg          , Gg          , Gg          , Gg          , Gs^Fds      , Gs^Fds      , Gs^Fds      , Gs^Fds      , Gs^Fds      , Gs^Fds      , Gg          , Gs^Fds      , Gg          , Gs^Fds      , Gs^Fds      , Gs^Fds      , Gg          , Gs^Fds      , Gg          , Gg          
Gs^Fds      , Gs^Fds      , Gs^Fds      , Gs^Fds      , Mm          , Gs^Fds      , Mm          , Gs^Fds      , Mm          , Gs^Fds      , Gs^Fds      , Gs^Fds      , Gs^Fds      , Gs^Fds      , Gg          , Gg          , Ww          , Ww          , Gg          , Gg          , Gg          , Gg          , Gs^Fds      , Gg          , Gs^Fds      , Gg          , Gs^Vc       , Gg          , Gg          , Gg          , Co          , Gg          , Co          , Gg          , Gg          , Gg          , Sm          , Sm          , Sm          , Gg          , Gg          , Gs^Fds      , Gg          , Gs^Fds      , Gg          , Gs^Fds      , Gs^Fds      , Gs^Fds      , Gs^Fds      , Gs^Fds      , Gg          , Gs^Fds      , Gs^Fds      , Gg          , Gg          
Gs^Fds      , Gs^Fds      , Gs^Fds      , Mm          , Mm          , Mm          , Mm          , Mm          , Mm          , Gs^Fds      , Gs^Fds      , Gs^Fds      , Gg          , Gg          , Gg          , Ww          , Gg          , Gg          , Gg          , Gg          , Gs^Fds      , Gg          , Gs^Fds      , Gs^Fds      , Gs^Fds      , Gs^Fds      , Gs^Fds      , Gs^Fds      , Gg          , Gg          , Co          , 5 Ko        , Co          , Gg          , Wwf         , Wwf         , Gg          , Gg          , Gg          , Sm          , Wwf         , Gg          , Wwf         , Gg          , Gg          , Gg          , Gg          , Gg          , Gg          , Gg          , Gg          , Gg          , Gs^Fds      , Gg          , Gg          
Gs^Fds      , Gs^Fds      , Gs^Fds      , Mm          , Gs^Fds      , Mm          , Mm          , Mm          , Gs^Fds      , Gs^Fds      , Gg          , Gs^Vc       , Gg          , Gg          , Ww          , Ww          , Gg          , Gg          , Gs^Fds      , Gg          , Gs^Fds      , Gs^Fds      , Hh^Fds      , Hh^Fds      , Hh^Fds      , Gs^Fds      , Gs^Fds      , Gs^Fds      , Gs^Fds      , Gg          , Gg          , Co          , Gg          , Wwf         , Gg          , Gg          , Gg          , Gg          , Gs^Vc       , Gg          , Gg          , Wwf         , Gg          , Wwf         , Wwf         , Wwf         , Sm          , Sm          , Wwf         , Gg          , Gg          , Gg          , Gg          , Gg          , Gg          
Gs^Fds      , Gs^Fds      , Gs^Fds      , Mm          , Gs^Fds      , Gs^Fds      , Gs^Fds      , Gs^Fds      , Gs^Fds      , Gs^Fds      , Gg          , Gg          , Gg          , Ww          , Gg          , Gg          , Gg          , Gs^Fds      , Gs^Fds      , Gs^Fds      , Hh^Fds      , Hh^Fds      , Hh^Fds      , Hh^Fds      , Mm          , Hh^Fds      , Hh^Fds      , Gs^Fds      , Gs^Fds      , Gs^Fds      , Gg          , Gg          , Wwf         , Wwf         , Gg          , Gg          , Gg          , Gs^Fds      , Gs^Fds      , Gg          , Gs^Fds      , Gg          , Gs^Fds      , Gg          , Gg          , Gg          , Gs^Fds      , Gg          , Gg          , Wwf         , Sm          , Gg          , Wwf         , Gg          , Gg          
Gg          , Gs^Fds      , Gg          , Gs^Fds      , Gs^Fds      , Gg          , Gg          , Gg          , Gg          , Gs^Fds      , Gg          , Gg          , Ww          , Ww          , Co          , Gg          , Gs^Fds      , Gs^Fds      , Gs^Fds      , Gs^Fds      , Hh^Fds      , Hh^Fds      , Mm          , Mm          , Mm          , Mm          , Hh^Fds      , Hh^Fds      , Gs^Fds      , Gs^Fds      , Gg          , Gg          , Sm          , Gg          , Gs^Fds      , Gs^Fds      , Gs^Fds      , Gs^Fds      , Gs^Fds      , Gs^Fds      , Gs^Fds      , Gs^Fds      , Gs^Fds      , Gs^Fds      , Gs^Fds      , Gs^Fds      , Gs^Fds      , Gg          , Gs^Fds      , Gg          , Gg          , Sm          , Gg          , Sm          , Wwf         
Gg          , Gg          , Gg          , Gg          , Gg          , Gg          , Gg          , Gg          , Gg          , Gg          , Gg          , Gg          , Ww          , Co          , Co          , Co          , Gg          , Gs^Fds      , Gs^Fds      , Gs^Fds      , Hh^Fds      , Mm          , Mm          , Mm          , Mm          , Hh^Fds      , Hh^Fds      , Hh^Fds      , Gs^Fds      , Gs^Fds      , Gg          , Gg          , Wwf         , Gg          , Gs^Fds      , Gs^Fds      , Gs^Fds      , Gs^Fds      , Hh^Fds      , Hh^Fds      , Hh^Fds      , Hh^Fds      , Hh^Fds      , Gs^Fds      , Hh^Fds      , Hh^Fds      , Hh^Fds      , Gs^Fds      , Gs^Fds      , Gs^Fds      , Gs^Fds      , Gg          , Gs^Vc       , Gg          , Gg          
Gs^Fds      , Gs^Fds      , Gs^Fds      , Gg          , Gg          , Gg          , Gg          , Gg          , Gg          , Gg          , Ww          , Ww          , Co          , Co          , 2 Ko        , Co          , Co          , Gs^Fds      , Gs^Fds      , Gs^Fds      , Hh^Fds      , Hh^Fds      , Mm          , Mm          , Mm          , Mm          , Mm          , Hh^Fds      , Gs^Fds      , Gg          , Gg          , Gg          , Wwf         , Gg          , Gg          , Gs^Fds      , Gs^Fds      , Hh^Fds      , Hh^Fds      , Hh^Fds      , Mm          , Hh^Fds      , Mm          , Hh^Fds      , Hh^Fds      , Hh^Fds      , Hh^Fds      , Hh^Fds      , Hh^Fds      , Gs^Fds      , Gs^Fds      , Gs^Fds      , Gs^Fds      , Gg          , Gg          
Gs^Fds      , Gs^Fds      , Gs^Fds      , Gs^Fds      , Gg          , Gg          , Gg          , Gg          , Ww          , Ww          , Gg          , Co          , Co          , Co          , Co          , Co          , Co          , Gg          , Gs^Fds      , Gs^Fds      , Hh^Fds      , Hh^Fds      , Hh^Fds      , Mm          , Hh^Fds      , Mm          , Hh^Fds      , Hh^Fds      , Gs^Fds      , Gg          , Gg          , Gg          , Wwf         , Gg          , Gs^Fds      , Gs^Fds      , Hh^Fds      , Hh^Fds      , Hh^Fds      , Mm          , Mm          , Mm          , Mm          , Mm          , Mm          , Hh^Fds      , Hh^Fds      , Hh^Fds      , Hh^Fds      , Hh^Fds      , Gs^Fds      , Gs^Fds      , Gs^Fds      , Gg          , Gg          
Hh^Fds      , Hh^Fds      , Gs^Fds      , Gs^Fds      , Gs^Fds      , Gg          , Ww          , Ww          , Gg          , Gg          , Gg          , Gg          , Gg          , Co          , Co          , Co          , Gg          , Gg          , Gg          , Gs^Fds      , Gs^Fds      , Hh^Fds      , Hh^Fds      , Hh^Fds      , Hh^Fds      , Hh^Fds      , Hh^Fds      , Hh^Fds      , Hh^Fds      , Gs^Fds      , Gg          , Gg          , Wwf         , Gs^Fds      , Gs^Fds      , Gs^Fds      , Hh^Fds      , Hh^Fds      , Mv          , Mm          , Mm          , Mm          , Mm          , Mm          , Mm          , Mm          , Mm          , Mm          , Hh^Fds      , Hh^Fds      , Gs^Fds      , Gs^Fds      , Gs^Fds      , Gg          , Gg          
Hh^Fds      , Hh^Fds      , Hh^Fds      , Hh^Fds      , Hh^Fds      , Ww          , Gg          , Gg          , Gs^Fds      , Gg          , Gg          , Gs^Vc       , Gs^Fds      , Gg          , Gg          , Gg          , Gg          , Gg          , Gg          , Gg          , Gs^Fds      , Gs^Fds      , Gs^Fds      , Hh^Fds      , Hh^Fds      , Hh^Fds      , Gs^Fds      , Hh^Fds      , Gs^Fds      , Gs^Fds      , Gg          , Gg          , Wwf         , Gs^Fds      , Gs^Fds      , Hh^Fds      , Hh^Fds      , Hh^Fds      , Mm          , Mm          , Mm          , Mm          , Mm          , Mm          , Mm          , Mm          , Mm          , Mm          , Hh^Fds      , Hh^Fds      , Gs^Fds      , Gs^Fds      , Gg          , Gg          , Gg          
Mm          , Mm          , Mm          , Hh^Fds      , Hh^Fds      , Ww          , Gg          , Gs^Fds      , Gs^Fds      , Gs^Fds      , Gs^Fds      , Gs^Fds      , Gs^Fds      , Gs^Fds      , Gs^Fds      , Gg          , Gg          , Gg          , Gg          , Gg          , Gg          , Gs^Fds      , Gs^Fds      , Gs^Fds      , Gs^Fds      , Gs^Fds      , Gs^Fds      , Gs^Fds      , Gs^Fds      , Gs^Fds      , Gg          , Gg          , Ww          , Gs^Fds      , Gs^Fds      , Gs^Fds      , Hh^Fds      , Hh^Fds      , Hh^Fds      , Mm          , Hh^Fds      , Mm          , Mm          , Mm          , Mm          , Mm          , Mm          , Hh^Fds      , Hh^Fds      , Gs^Fds      , Gs^Fds      , Gg          , Gg          , Gg          , Gg          
Mm          , Mm          , Hh^Fds      , Hh^Fds      , Hh^Fds      , Ww          , Gs^Fds      , Gs^Fds      , Hh^Fds      , Hh^Fds      , Hh^Fds      , Hh^Fds      , Hh^Fds      , Gs^Fds      , Gs^Fds      , Gs^Fds      , Gs^Fds      , Gg          , Gg          , Gg          , Gg          , Gg          , Gg          , Gs^Fds      , Gs^Fds      , Gs^Fds      , Gg          , Gg          , Gg          , Gg          , Ww          , Ww          , Gg          , Ww          , Ww          , Gs^Fds      , Gs^Fds      , Hh^Fds      , Hh^Fds      , Hh^Fds      , Hh^Fds      , Hh^Fds      , Hh^Fds      , Hh^Fds      , Hh^Fds      , Mm          , Mm          , Hh^Fds      , Hh^Fds      , Gs^Fds      , Gs^Fds      , Gg          , Gg          , Gg          , Gg          
Mm          , Mm          , Hh^Fds      , Hh^Fds      , Ww          , Ww          , Gs^Fds      , Hh^Fds      , Mm          , Hh^Fds      , Mm          , Hh^Fds      , Mm          , Hh^Fds      , Hh^Fds      , Gs^Fds      , Gs^Fds      , Gg          , Gg          , Gg          , Gg          , Gs^Vc       , Gg          , Gg          , Gg          , Gg          , Ww          , Ww          , Ww          , Ww          , Gg          , Gg          , Gg          , Gg          , Gg          , Ww          , Ww          , Ww          , Ww          , Hh^Fds      , Gs^Fds      , Gs^Fds      , Ww          , Hh^Fds      , Hh^Fds      , Hh^Fds      , Hh^Fds      , Hh^Fds      , Hh^Fds      , Gs^Fds      , Gs^Fds      , Gg          , Gg          , Gg          , Gg          
Mm          , Hh^Fds      , Hh^Fds      , Hh^Fds      , Ww          , Gs^Fds      , Gs^Fds      , Hh^Fds      , Mm          , Mm          , Mm          , Mm          , Mm          , Mm          , Hh^Fds      , Gs^Fds      , Gs^Fds      , Gs^Fds      , Gg          , Gg          , Gg          , Gg          , Gg          , Gg          , Ww          , Ww          , Gg          , Gg          , Gg          , Gg          , Gg          , Gg          , Gs^Fds      , Gs^Fds      , Gs^Fds      , Gs^Fds      , Gs^Fds      , Gs^Fds      , Gs^Fds      , Ww          , Ww          , Ww          , Hh^Fds      , Ww          , Ww          , Gs^Fds      , Hh^Fds      , Hh^Fds      , Gs^Fds      , Gs^Fds      , Gs^Fds      , Gg          , Gg          , Gg          , Gg          
Hh^Fds      , Hh^Fds      , Hh^Fds      , Gs^Fds      , Ww          , Gs^Fds      , Gs^Fds      , Hh^Fds      , Mm          , Mm          , Mm          , Mm          , Mm          , Mm          , Mm          , Hh^Fds      , Gs^Fds      , Gs^Fds      , Gg          , Gg          , Gg          , Gg          , Gg          , Gg          , Ww          , Gg          , Gg          , Gg          , Gg          , Gg          , Gs^Fds      , Gg          , Gs^Fds      , Gs^Fds      , Hh^Fds      , Hh^Fds      , Hh^Fds      , Hh^Fds      , Hh^Fds      , Gs^Fds      , Hh^Fds      , Gs^Fds      , Hh^Fds      , Hh^Fds      , Hh^Fds      , Ww          , Gs^Fds      , Gs^Fds      , Gs^Fds      , Gs^Fds      , Gg          , Gg          , Gg          , Gg          , Wwf         
Hh^Fds      , Hh^Fds      , Gs^Fds      , Gs^Fds      , Ww          , Gs^Fds      , Gs^Fds      , Mm          , Mm          , Mm          , Hh^Fds      , Mm          , Mm          , Mm          , Hh^Fds      , Hh^Fds      , Gs^Fds      , Gs^Fds      , Gg          , Gg          , Gg          , Gg          , Gg          , Gg          , Ww          , Gg          , Gg          , Gg          , Gg          , Gg          , Gs^Fds      , Gs^Fds      , Gs^Fds      , Gs^Fds      , Hh^Fds      , Hh^Fds      , Mm          , Hh^Fds      , Mm          , Hh^Fds      , Hh^Fds      , Hh^Fds      , Mm          , Hh^Fds      , Hh^Fds      , Hh^Fds      , Hh^Fds      , Gs^Fds      , Gs^Vc       , Gg          , Gg          , Gg          , Sm          , Sm          , Gg          
Gs^Fds      , Gs^Fds      , Gs^Fds      , Gg          , Gg          , Ww          , Ww          , Hh^Fds      , Hh^Fds      , Hh^Fds      , Hh^Fds      , Hh^Fds      , Hh^Fds      , Hh^Fds      , Hh^Fds      , Hh^Fds      , Gs^Fds      , Gs^Fds      , Gg          , Gg          , Gg          , Gg          , Gg          , Gg          , Ww          , Gg          , Gg          , Gg          , Gg          , Gs^Fds      , Gs^Fds      , Gs^Fds      , Gs^Fds      , Gs^Fds      , Hh^Fds      , Hh^Fds      , Mm          , Mm          , Mm          , Mm          , Mm          , Mm          , Mm          , Mm          , Mm          , Mm          , Hh^Fds      , Gs^Fds      , Gg          , Gg          , Gg          , Gg          , Wwf         , Gg          , Gs^Fds      
Gs^Fds      , Gs^Fds      , Gs^Fds      , Gg          , Gg          , Gs^Vc       , Gs^Fds      , Ww          , Ww          , Ww          , Ww          , Ww          , Ww          , Hh^Fds      , Hh^Fds      , Hh^Fds      , Gs^Fds      , Gs^Fds      , Gg          , Gg          , Gg          , Gg          , Gg          , Gg          , Ww          , Gg          , Gg          , Gg          , Gg          , Gg          , Gs^Fds      , Gs^Fds      , Gs^Fds      , Hh^Fds      , Hh^Fds      , Hh^Fds      , Hh^Fds      , Mm          , Hh^Fds      , Mm          , Mm          , Mm          , Hh^Fds      , Mm          , Hh^Fds      , Hh^Fds      , Hh^Fds      , Gs^Fds      , Gs^Fds      , Gg          , Gg          , Gg          , Wwf         , Gs^Fds      , Gs^Fds      
Gg          , Gs^Fds      , Gg          , Gg          , Gs^Fds      , Gs^Fds      , Gs^Fds      , Gs^Fds      , Hh^Fds      , Hh^Fds      , Hh^Fds      , Hh^Fds      , Hh^Fds      , Ww          , Hh^Fds      , Hh^Fds      , Gs^Fds      , Gs^Fds      , Gg          , Gg          , Gg          , Gg          , Gg          , Gg          , Ww          , Gg          , Gg          , Gg          , Gg          , Gg          , Gg          , Gs^Fds      , Gs^Fds      , Gs^Fds      , Gs^Fds      , Hh^Fds      , Gs^Fds      , Hh^Fds      , Gs^Fds      , Hh^Fds      , Hh^Fds      , Hh^Fds      , Hh^Fds      , Hh^Fds      , Hh^Fds      , Gs^Fds      , Gs^Fds      , Gs^Fds      , Gs^Fds      , Gg          , Gg          , Gg          , Sm          , Gs^Fds      , Gs^Fds      
Gg          , Gg          , Gg          , Gg          , Gs^Fds      , Gs^Fds      , Hh^Fds      , Hh^Fds      , Hh^Fds      , Hh^Fds      , Hh^Fds      , Hh^Fds      , Hh^Fds      , Ww          , Ww          , Gs^Fds      , Gs^Fds      , Gg          , Gg          , Gg          , Gg          , Gg          , Gg          , Gg          , Gg          , Ww          , Gg          , Gg          , Gg          , Gg          , Gg          , Gg          , Gg          , Gs^Fds      , Gg          , Gs^Fds      , Gs^Fds      , Gs^Fds      , Gs^Fds      , Hh^Fds      , Gs^Fds      , Hh^Fds      , Gs^Fds      , Hh^Fds      , Gs^Fds      , Gs^Fds      , Gs^Fds      , Gg          , Gg          , Gs^Fds      , Gs^Fds      , Gg          , Wwf         , Gs^Fds      , Gg          
Gg          , Gg          , Gg          , Gs^Fds      , Hh^Fds      , Hh^Fds      , Hh^Fds      , Hh^Fds      , Mm          , Mm          , Mm          , Hh^Fds      , Hh^Fds      , Hh^Fds      , Gs^Fds      , Ww          , Ww          , Gg          , Gg          , Gg          , Gg          , Gg          , Gg          , Gg          , Gg          , Ww          , Co          , Co          , Co          , Co          , Co          , Gg          , Gg          , Gg          , Gg          , Gg          , Gg          , Gs^Fds      , Gs^Fds      , Gs^Fds      , Gg          , Gs^Fds      , Gs^Fds      , Gs^Fds      , Gs^Fds      , Gs^Fds      , Gs^Fds      , Gg          , 1 Gg        , Gg          , Gg          , Gg          , Sm          , Gg          , Gg          
Gg          , Gg          , Gs^Fds      , Gs^Fds      , Hh^Fds      , Hh^Fds      , Mm          , Mm          , Mm          , Mm          , Mm          , Mm          , Hh^Fds      , Hh^Fds      , Gs^Fds      , Gg          , Gg          , Ww          , Ww          , Gg          , Gg          , Gg          , Gg          , Gg          , Gg          , Ww          , Co          , 4 Ko        , Co          , Co          , Gg          , Gg          , Gs^Vc       , Gg          , Gg          , Gg          , Gg          , Ww          , Ww          , Gg          , Ww          , Gg          , Gs^Fds      , Gs^Fds      , Gs^Fds      , Gs^Fds      , Gg          , Gg          , Gg          , Gg          , Gg          , Gg          , Wwf         , Gg          , Ww          
Gg          , Gg          , Gg          , Gs^Fds      , Gs^Fds      , Hh^Fds      , Hh^Fds      , Mm          , Mm          , Mm          , Mm          , Mm          , Hh^Fds      , Hh^Fds      , Gs^Fds      , Gs^Fds      , Gs^Fds      , Gg          , Gg          , Ww          , Ww          , Gg          , Ww          , Ww          , Ww          , Ww          , Co          , Co          , Co          , Co          , Gg          , Gg          , Gg          , Gg          , Gg          , Gg          , Gs^Fds      , Gs^Fds      , Gs^Fds      , Ww          , Gs^Fds      , Ww          , Ww          , Gs^Fds      , Gg          , Gg          , Gg          , Gs^Vc       , Gg          , Gg          , Gg          , Gg          , Ww          , Ww          , Gg          
Gg          , Gg          , Gs^Fds      , Gs^Fds      , Hh^Fds      , Hh^Fds      , Hh^Fds      , Mm          , Hh^Fds      , Mm          , Hh^Fds      , Mm          , Hh^Fds      , Hh^Fds      , Gs^Fds      , Gs^Fds      , Gs^Fds      , Gs^Fds      , Gg          , Gg          , Ww          , Ww          , Gg          , Gg          , Gg          , Ww          , Ww          , Ww          , Ww          , Co          , Gg          , Gg          , Gg          , Gg          , Gs^Fds      , Gs^Fds      , Hh^Fds      , Hh^Fds      , Hh^Fds      , Gs^Fds      , Gs^Fds      , Gs^Fds      , Gs^Fds      , Ww          , Ww          , Gg          , Gg          , Gg          , Gg          , Gg          , Ww          , Ww          , Gg          , Gg          , Gs^Fds      
Gg          , Gg          , Gg          , Gs^Fds      , Gs^Fds      , Hh^Fds      , Hh^Fds      , Hh^Fds      , Hh^Fds      , Hh^Fds      , Hh^Fds      , Hh^Fds      , Hh^Fds      , Hh^Fds      , Ww          , Gs^Fds      , Ww          , Gg          , Ww          , Ww          , Gg          , Gg          , Gg          , Gg          , Gg          , Gg          , Gg          , Gg          , Gg          , Ww          , Ww          , Gg          , Gg          , Gs^Fds      , Hh^Fds      , Hh^Fds      , Hh^Fds      , Hh^Fds      , Mm          , Hh^Fds      , Hh^Fds      , Hh^Fds      , Gs^Fds      , Gs^Fds      , Gg          , Ww          , Ww          , Gg          , Ww          , Ww          , Gg          , Gg          , Gs^Fds      , Gg          , Gs^Fds      
Gg          , Gg          , Gg          , Gg          , Gs^Fds      , Hh^Fds      , Hh^Fds      , Hh^Fds      , Gs^Fds      , Hh^Fds      , Gs^Fds      , Ww          , Ww          , Ww          , Hh^Fds      , Ww          , Gs^Fds      , Ww          , Gs^Fds      , Gg          , Gg          , Gg          , Gg          , Gg          , Gg          , Gg          , Gg          , Gg          , Gg          , Gg          , Gg          , Ww          , Gg          , Gs^Fds      , Hh^Fds      , Hh^Fds      , Mm          , Mm          , Mm          , Mm          , Hh^Fds      , Hh^Fds      , Hh^Fds      , Gs^Fds      , Gg          , Gg          , Gg          , Ww          , Gg          , Gg          , Gg          , Gg          , Gs^Fds      , Gs^Fds      , Gs^Fds      
Gg          , Gg          , Gg          , Gs^Vc       , Gs^Fds      , Gs^Fds      , Gs^Fds      , Gs^Fds      , Gs^Fds      , Gs^Fds      , Gs^Fds      , Hh^Fds      , Hh^Fds      , Hh^Fds      , Hh^Fds      , Hh^Fds      , Hh^Fds      , Gs^Fds      , Gs^Fds      , Gs^Fds      , Gg          , Gg          , Gg          , Gg          , Gg          , Gg          , Gg          , Gg          , Gg          , Gg          , Gg          , Ww          , Gg          , Gs^Fds      , Hh^Fds      , Hh^Fds      , Mm          , Mm          , Mm          , Mm          , Hh^Fds      , Hh^Fds      , Hh^Fds      , Gs^Fds      , Gg          , Gg          , Gg          , Ww          , Ww          , Gg          , Gg          , Gg          , Gg          , Gs^Fds      , Gs^Fds      
Gg          , Gg          , Gg          , Gg          , Gg          , Gs^Fds      , Gs^Fds      , Gs^Fds      , Gs^Fds      , Hh^Fds      , Hh^Fds      , Mm          , Mm          , Hh^Fds      , Mm          , Mm          , Hh^Fds      , Hh^Fds      , Gs^Fds      , Gs^Fds      , Gg          , Gg          , Gs^Vc       , Gg          , Gg          , Gg          , Gg          , Gg          , Gg          , Gg          , Gg          , Ww          , Gg          , Gs^Fds      , Gs^Fds      , Hh^Fds      , Hh^Fds      , Hh^Fds      , Hh^Fds      , Hh^Fds      , Hh^Fds      , Hh^Fds      , Gs^Fds      , Gs^Fds      , Gg          , Gg          , Gg          , Gg          , Ww          , Gg          , Gg          , Gg          , Gs^Fds      , Gs^Fds      , Gs^Fds      
Gg          , Gg          , Gg          , Gg          , Gg          , Gg          , Gg          , Gg          , Gs^Fds      , Hh^Fds      , Hh^Fds      , Mm          , Mm          , Mm          , Mm          , Mm          , Hh^Fds      , Hh^Fds      , Gs^Fds      , Gs^Fds      , Gs^Fds      , Gg          , Gs^Fds      , Gg          , Gs^Fds      , Gg          , Gs^Fds      , Gg          , Gs^Fds      , Gg          , Gg          , Ww          , Gg          , Gg          , Gs^Fds      , Hh^Fds      , Hh^Fds      , Hh^Fds      , Hh^Fds      , Hh^Fds      , Gs^Fds      , Gs^Fds      , Gs^Fds      , Gs^Fds      , Gg          , Gg          , Gg          , Gg          , Ww          , Gg          , Gg          , Gg          , Gg          , Gs^Fds      , Gg          
Gg          , Gg          , Gg          , Gg          , Gg          , Gg          , Gg          , Gg          , Gg          , Gs^Fds      , Hh^Fds      , Hh^Fds      , Hh^Fds      , Mm          , Hh^Fds      , Hh^Fds      , Hh^Fds      , Gs^Fds      , Gs^Fds      , Gs^Fds      , Gs^Fds      , Gs^Fds      , Hh^Fds      , Gs^Fds      , Gs^Fds      , Gs^Fds      , Gs^Fds      , Gs^Fds      , Gs^Fds      , Gs^Fds      , Gg          , Ww          , Ww          , Gs^Fds      , Gs^Fds      , Gs^Fds      , Gs^Fds      , Hh^Fds      , Gs^Fds      , Gs^Fds      , Gg          , Gs^Fds      , Gg          , Gg          , Gg          , Gg          , Gg          , Gg          , Ww          , Gg          , Gg          , Gg          , Gg          , Gg          , Gg          
Gg          , Gg          , Gs^Fds      , Gg          , Gs^Fds      , Gg          , Gs^Fds      , Gg          , Gs^Fds      , Gg          , Ww          , Hh^Fds      , Gs^Fds      , Hh^Fds      , Gs^Fds      , Hh^Fds      , Gs^Fds      , Gs^Fds      , Gs^Fds      , Gs^Fds      , Gs^Fds      , Hh^Fds      , Hh^Fds      , Hh^Fds      , Hh^Fds      , Hh^Fds      , Hh^Fds      , Gs^Fds      , Gs^Fds      , Gs^Fds      , Gg          , Gg          , Gg          , Ww          , Ww          , Gs^Fds      , Gs^Fds      , Gs^Fds      , Gg          , Gg          , Gg          , Gg          , Gg          , Gg          , Gg          , Gg          , Ww          , Ww          , Gg          , Gg          , Gg          , Gg          , Gg          , Gg          , Gg          
Gs^Fds      , Gs^Fds      , Hh^Fds      , Gs^Fds      , Hh^Fds      , Gs^Fds      , Hh^Fds      , Gs^Fds      , Gs^Fds      , Gs^Fds      , Gs^Fds      , Ww          , Ww          , Gs^Fds      , Gg          , Gs^Fds      , Gg          , Gs^Fds      , Gg          , Gs^Fds      , Hh^Fds      , Hh^Fds      , Hh^Fds      , Hh^Fds      , Mm          , Hh^Fds      , Mm          , Hh^Fds      , Hh^Fds      , Gs^Fds      , Gs^Fds      , Gg          , Gg          , Gg          , Gg          , Ww          , Gg          , Gg          , Gg          , Gg          , Gg          , Gg          , Ww          , Gg          , Ww          , Ww          , Gg          , Gg          , Gg          , Gg          , Gg          , Gg          , Gg          , Gg          , Gg          
Gs^Fds      , Gs^Fds      , Hh^Fds      , Hh^Fds      , Mm          , Hh^Fds      , Hh^Fds      , Hh^Fds      , Hh^Fds      , Gs^Fds      , Gs^Fds      , Gs^Fds      , Gs^Fds      , Ww          , Ww          , Ww          , Ww          , Gs^Vc       , Gs^Fds      , Gs^Fds      , Hh^Fds      , Hh^Fds      , Mm          , Mm          , Mm          , Mm          , Mm          , Hh^Fds      , Hh^Fds      , Hh^Fds      , Hh^Fds      , Gs^Fds      , Gg          , Gg          , Gg          , Ww          , Ww          , Gg          , Gg          , Gg          , Ww          , Ww          , Gg          , Ww          , Gg          , Gg          , Gg          , Gs^Vc       , Gg          , Gg          , Gg          , Gg          , Gg          , Gg          , Gg          
Gs^Fds      , Hh^Fds      , Hh^Fds      , Mm          , Mm          , Mm          , Mm          , Hh^Fds      , Mm          , Hh^Fds      , Hh^Fds      , Hh^Fds      , Hh^Fds      , Gs^Fds      , Gs^Fds      , Gs^Fds      , Ww          , Gg          , Gs^Fds      , Gs^Fds      , Hh^Fds      , Hh^Fds      , Mm          , Mm          , Mm          , Mm          , Mm          , Mm          , Hh^Fds      , Hh^Fds      , Gs^Fds      , Gs^Fds      , Gs^Fds      , Gg          , Gg          , Gg          , Ww          , Gg          , Ww          , Ww          , Gg          , Gg          , Gg          , Gg          , Gg          , Gg          , Gg          , Gg          , Gg          , Gg          , Gg          , Gg          , Gg          , Gg          , Gg          
Gs^Fds      , Hh^Fds      , Mm          , Mm          , Mm          , Mm          , Mm          , Mm          , Mm          , Mm          , Mm          , Hh^Fds      , Hh^Fds      , Gs^Fds      , Gs^Fds      , Gs^Fds      , Ww          , Gg          , Gs^Fds      , Gs^Fds      , Gs^Fds      , Hh^Fds      , Hh^Fds      , Mm          , Hh^Fds      , Mm          , Hh^Fds      , Hh^Fds      , Hh^Fds      , Hh^Fds      , Gs^Fds      , Gs^Fds      , Gg          , Gg          , Gg          , Gg          , Ww          , Ww          , Gg          , Gg          , Gg          , Gg          , Gg          , Gg          , Gs^Fds      , Gg          , Gs^Fds      , Gg          , Gg          , Gg          , Gg          , Gg          , Gg          , Gg          , Gg          
Gs^Fds      , Hh^Fds      , Mm          , Mm          , Mm          , Mm          , Mm          , Mm          , Mm          , Mm          , Hh^Fds      , Hh^Fds      , Hh^Fds      , Gs^Fds      , Gs^Fds      , Gs^Fds      , Ww          , Gs^Fds      , Gs^Fds      , Gs^Fds      , Gs^Fds      , Hh^Fds      , Hh^Fds      , Hh^Fds      , Hh^Fds      , Hh^Fds      , Hh^Fds      , Hh^Fds      , Gs^Fds      , Gs^Fds      , Gs^Fds      , Gs^Fds      , Gg          , Gg          , Gg          , Gg          , Ww          , Gg          , Gg          , Gg          , Gg          , Gg          , Gs^Fds      , Gg          , Gs^Fds      , Gs^Fds      , Gs^Fds      , Gs^Fds      , Gs^Fds      , Gs^Fds      , Co          , Co          , Co          , Gs^Fds      , Gs^Fds      
Gs^Fds      , Gs^Fds      , Gs^Fds      , Hh^Fds      , Hh^Fds      , Mm          , Hh^Fds      , Mm          , Hh^Fds      , Hh^Fds      , Hh^Fds      , Hh^Fds      , Gs^Fds      , Gs^Fds      , Gs^Fds      , Gs^Fds      , Ww          , Gg          , Gs^Fds      , Gs^Fds      , Gs^Fds      , Gs^Fds      , Gs^Fds      , Hh^Fds      , Gs^Fds      , Gs^Fds      , Gs^Fds      , Gs^Fds      , Gs^Fds      , Gs^Fds      , Gs^Fds      , Gs^Fds      , Gg          , Gg          , Ww          , Ww          , Gg          , Gg          , Gg          , Gg          , Gs^Fds      , Gs^Fds      , Gs^Fds      , Gs^Fds      , Gs^Fds      , Gs^Fds      , Mm          , Mm          , Mm          , Gs^Fds      , Co          , 6 Ko        , Co          , Gs^Fds      , Gs^Fds      
Gg          , Gs^Fds      , Gs^Fds      , Gs^Fds      , Gs^Fds      , Hh^Fds      , Gs^Fds      , Hh^Fds      , Gs^Fds      , Gs^Fds      , Gs^Fds      , Gs^Fds      , Gs^Fds      , Gs^Fds      , Ww          , Gg          , Ww          , Gs^Vc       , Gg          , Gs^Fds      , Gg          , Gs^Fds      , Gs^Fds      , Gs^Fds      , Gs^Fds      , Gs^Fds      , Gs^Fds      , Gs^Fds      , Gs^Fds      , Gs^Fds      , Gg          , Gg          , Ww          , Ww          , Gg          , Gg          , Gg          , Gg          , Gg          , Gg          , Gs^Fds      , Gs^Fds      , Mm          , Mm          , Mm          , Mm          , Mm          , Mm          , Mm          , Gs^Fds      , Gs^Fds      , Co          , Gs^Fds      , Gs^Fds      , Gs^Fds      
Gg          , Gg          , Co          , Gs^Fds      , Gs^Fds      , Gs^Fds      , Gg          , Gs^Fds      , Gs^Fds      , Gs^Fds      , Ww          , Ww          , Ww          , Ww          , Gg          , Ww          , Gg          , Ww          , Ww          , Gg          , Gg          , Gg          , Gg          , Gg          , Gs^Fds      , Gs^Fds      , Gs^Fds      , Gs^Fds      , Gg          , Gg          , Gs^Vc       , Gg          , Ww          , Gg          , Gg          , Gg          , Gg          , Gg          , Gg          , Gs^Fds      , Gs^Fds      , Gs^Fds      , Mm          , Mm          , Mm          , Mm          , Mm          , Mm          , Mm          , Mm          , Gs^Fds      , Gs^Fds      , Gs^Fds      , Gs^Fds      , Gs^Fds      
Gg          , Gg          , 3 Ko        , Co          , Co          , Gg          , Gs^Vc       , Gg          , Ww          , Ww          , Gs^Fds      , Gs^Fds      , Gs^Fds      , Gs^Fds      , Gs^Fds      , Gs^Fds      , Gs^Fds      , Gg          , Gg          , Ww          , Ww          , Ww          , Ww          , Gg          , Ww          , Gg          , Gg          , Gg          , Ww          , Gg          , Ww          , Ww          , Gg          , Gg          , Gg          , Gg          , Gg          , Gg          , Gg          , Gs^Fds      , Gs^Fds      , Gs^Fds      , Gs^Fds      , Gs^Fds      , Gs^Fds      , Gs^Fds      , Gs^Fds      , Gs^Fds      , Gs^Fds      , Gs^Fds      , Gs^Fds      , Gs^Fds      , Gs^Fds      , Gs^Fds      , Gs^Fds      
Gg          , Gg          , Co          , Co          , Ww          , Gg          , Ww          , Ww          , Gs^Fds      , Gs^Fds      , Gs^Fds      , Gs^Fds      , Gs^Fds      , Gs^Fds      , Gs^Fds      , Gs^Fds      , Gs^Fds      , Gs^Fds      , Gs^Fds      , Gg          , Gg          , Gg          , Gg          , Ww          , Gg          , Ww          , Ww          , Ww          , Gg          , Ww          , Gg          , Gg          , Gg          , Gg          , Gg          , Gg          , Gg          , Gg          , Gg          , Gs^Fds      , Gs^Fds      , Gs^Fds      , Gs^Fds      , Gs^Fds      , Gs^Fds      , Gs^Fds      , Gs^Fds      , Gs^Fds      , Gs^Fds      , Gs^Fds      , Gs^Fds      , Gs^Fds      , Gs^Fds      , Gs^Fds      , Gs^Fds      
Gg          , Gg          , Ww          , Ww          , Gg          , Ww          , Gg          , Gg          , Gs^Fds      , Gs^Fds      , Gs^Fds      , Gs^Fds      , Gs^Fds      , Gs^Fds      , Gs^Fds      , Gs^Fds      , Gs^Fds      , Gs^Fds      , Gs^Fds      , Gs^Fds      , Gs^Fds      , Gs^Fds      , Gs^Fds      , Gg          , Gg          , Gg          , Ww          , Gg          , Gg          , Gg          , Gg          , Gg          , Gg          , Gg          , Gg          , Gg          , Gg          , Gg          , Gg          , Gs^Fds      , Gs^Fds      , Gs^Fds      , Gs^Fds      , Gs^Fds      , Gs^Fds      , Gs^Fds      , Gs^Fds      , Gs^Fds      , Gs^Fds      , Gs^Fds      , Gs^Fds      , Gs^Fds      , Gs^Fds      , Gs^Fds      , Gs^Fds      
