border_size=1
usage=map

Mm          , Mm          , Mm          , Mm          , Mm          , Mm          , Mm          , Mm          , Mm          , Hh^Fds      , Hh^Fds      , Hh^Fds      , Hh^Fds      , Gs^Fds      , Gs^Fds      , Gs^Fds      , Ww          , Gs^Fds      , Gs^Fds      , Gs^Fds      , Gg          , Gg          , Gg          , Gg          , Gg          , Gg          , Gg          , Gg          , Gg          , Gg          , Gg          , Gg          , Gg          , Rrc         , Gg          , Gg          , Gg          , Gg          , Gg          , Gg          , Gg          , Gg          , Gg          , Gg          , Gg          , Gg          , Gg          , Gg          , Gg          , Gg          
Mm          , Mm          , Mm          , Mm          , Mm          , Mm          , Mm          , Mm          , Hh^Fds      , Hh^Fds      , Hh^Fds      , Hh^Fds      , 4 Kv        , Gs^Fds      , Gs^Fds      , Gs^Fds      , Ww          , Gs^Fds      , Gg          , Gg          , Ce          , Ce          , Ce          , Gg          , Gg          , Gg          , Gg          , Gg          , Ce          , Ce          , Ce          , Gg          , Gg          , Rrc         , Rrc         , Gg          , Gg          , Gg          , Gg          , Gg          , Gg          , Gg          , Ce          , Ce          , Ce          , Gg          , Gg          , Gg          , Gg          , Gg          
Mm          , Mm          , Mm          , Mm          , Mm          , Mm          , Mm          , Mm          , Hh^Fds      , Hh^Fds      , Hh^Fds      , Cv          , Cv          , Cv          , Gs^Fds      , Gs^Fds      , Ww          , Gg          , Gg          , Gg          , Ce          , Ce          , 3 Ke        , Ce          , Gg          , Gg          , Gg          , Ce          , 2 Ke        , Ce          , Ce          , Gg          , Gg          , Gg          , Rrc         , Gg          , Gg          , Gg          , Gg          , Gg          , Gg          , Ce          , Ce          , 1 Ke        , Ce          , Ce          , Gg          , Gg          , Gg          , Gg          
Mm          , Mm          , Mm          , Mm          , Mm          , Mm          , Hh^Fds      , Hh^Fds      , Hh^Fds      , Hh^Fds      , Gs^Fds      , Gs^Fds      , Gs^Fds      , Gs^Fds      , Gg          , Gg          , Ww          , Gg          , Gg          , Gg          , Ce          , Ce          , Ce          , Ce          , Gg          , Gg          , Gg          , Ce          , Ce          , Ce          , Ce          , Gg          , Gg          , Gg          , Gg          , Rrc         , Gg^Gvs      , Gg^Gvs      , Gg          , Gg          , Gg          , Ce          , Gg          , Ce          , Gg          , Ce          , Gg          , Gg          , Gg          , Gg          
Mm          , Mm          , Mm          , Mm          , Mm          , Mm          , Hh^Fds      , Hh^Fds      , Hh^Fds      , Hh^Fds      , Gs^Fds      , Gs^Fds      , Gs^Fds      , Gs^Fds      , Gg          , Gg          , Ww          , Gg          , Gg^Gvs      , Gg          , Gg          , Gg          , Gg          , Gg          , Gg          , Gg          , Gg          , Gg          , Gg          , Ce          , Gg          , Gg          , Gg          , Gg          , Gg          , Rrc         , Gg^Gvs      , Gg^Gvs      , Gg^Gvs      , Gg          , Gg          , Gg          , Gg          , Gg          , Gg          , Gg          , Gg          , Gg          , Gg          , Gg          
Mm          , Mm          , Mm          , Mm          , Hh^Fds      , Hh^Fds      , Hh^Fds      , Hh^Fds      , Gs^Fds      , Gs^Fds      , Gs^Fds      , Gs^Fds      , Gg          , Gg          , Gg          , Gg          , Ww          , Gg          , Gg^Gvs      , Gg^Gvs      , Gg          , Gg          , Gg          , Gg          , Gg          , Gg          , Gg          , Gg          , Gg          , Gg          , Gg          , Gg          , Gg          , Gg          , Rrc         , Rrc         , Rrc         , Gg^Gvs      , Gs^Vh       , Gg          , Gg          , Gg          , Gg          , Gg          , Gg          , Gg          , Gg          , Gg          , Gg          , Gg          
Mm          , Mm          , Mm          , Hh^Fds      , Hh^Fds      , Hh^Fds      , Hh^Fds      , Hh^Fds      , Gs^Fds      , Gs^Fds      , Gs^Fds      , Gg          , Gg^Gvs      , Gg^Gvs      , Gg^Gvs      , Gg          , Ww          , Gg          , Gs^Vh       , Gg^Gvs      , Gg^Gvs      , Gg          , Gg          , Gg          , Gg^Gvs      , Gg          , Gg^Gvs      , Gg          , Gg^Gvs      , Gg          , Gg          , Gg          , Rrc         , Rrc         , Gg^Gvs      , Gs^Vh       , Rrc         , Gg^Gvs      , Gg          , Gg          , Gg          , Gg          , Gg^Gvs      , Gg          , Gg^Gvs      , Gg          , Gg          , Gg          , Gg          , Gg          
Mm          , Mm          , Hh^Fds      , Hh^Fds      , Hh^Fds      , Hh^Fds      , Gs^Fds      , Gs^Fds      , Gs^Fds      , Gs^Fds      , Gg          , Gg^Gvs      , Gg^Gvs      , Gg^Gvs      , Gg^Gvs      , Gg          , Ww          , Gg          , Gg          , Gg^Gvs      , Gg          , Gg          , Gg          , Gg^Gvs      , Gg^Gvs      , Gg^Gvs      , Gg^Gvs      , Gg^Gvs      , Gg^Gvs      , Gg          , Gg          , Rrc         , Gg          , Gg^Gvs      , Gg^Gvs      , Gg^Gvs      , Rrc         , Gg          , Gg          , Gg          , Gg          , Gg          , Gg          , Gg^Gvs      , Gg^Gvs      , Gg^Gvs      , Gg          , Gg          , Gg          , Gg          
Mm          , Hh^Fds      , Hh^Fds      , Hh^Fds      , Gs^Fds      , Gs^Fds      , Gs^Fds      , Gs^Fds      , Gs^Fds      , Gs^Fds      , Gg          , Gg          , Gg^Gvs      , Gg^Gvs      , Gg          , Gg          , Ww          , Gg          , Gg          , Gg          , Gg          , Gg          , Gg          , Gg          , Gg          , Gg          , Gg          , Gg^Gvs      , Gs^Vh       , Gg          , Rrc         , Rrc         , Gg          , Gg^Gvs      , Gg^Gvs      , Gg^Gvs      , Rrc         , Gg          , Gg          , Gg          , Gg          , Gg          , Gg          , Gs^Vh       , Gg^Gvs      , Gg^Gvs      , Gg          , Gg          , Gg          , Gg          
Hh^Fds      , Hh^Fds      , Hh^Fds      , Hh^Fds      , Gs^Fds      , Gs^Fds      , Gs^Fds      , Gs^Fds      , Gg          , Gg          , Gg^Gvs      , Gg          , Gg          , Gs^Vh       , Gg          , Ww          , Gg          , Gg          , Gg          , Gg^Gvs      , Gg^Gvs      , Gs^Vh       , Gg^Gvs      , Gg          , Gg          , Gg          , Gg          , Gg          , Gg          , Gg          , Rrc         , Gg          , Gg          , Gg          , Gg          , Gg          , Rrc         , Gg          , Gg          , Gg^Gvs      , Gg          , Gg          , Gg          , Gg          , Gg          , Gg          , Gg          , Gg          , Gg          , Gg          
Hh^Fds      , Hh^Fds      , Gs^Fds      , Gs^Fds      , Gs^Fds      , Gs^Fds      , Gs^Fds      , Gs^Fds      , Gg^Gvs      , Gs^Vh       , Gg^Gvs      , Gg^Gvs      , Gg          , Gg          , Ww          , Ww          , Gg          , Gg          , Gg^Gvs      , Gg^Gvs      , Gg^Gvs      , Gg^Gvs      , Gg          , Gg          , Gg^Gvs      , Gg^Gvs      , Gg^Gvs      , Gg          , Rrc         , Rrc         , Gg          , Gg          , Gg          , Gg          , Gg^Gvs      , Gs^Vh       , Rrc         , Gg          , Gg          , Gg^Gvs      , Gg^Gvs      , Gs^Vh       , Gg^Gvs      , Gg          , Gg          , Gg          , Gg          , Gg          , Gg          , Gg          
Hh^Fds      , Hh^Fds      , Gs^Fds      , Gs^Fds      , Gs^Fds      , Gs^Fds      , Gg          , Gg          , Gg          , Gg^Gvs      , Gg^Gvs      , Gg^Gvs      , Gg          , Gg          , Ww          , Gg          , Gg          , Gg          , Gg          , Gg^Gvs      , Gg          , Gg^Gvs      , Gg          , Gg          , Gg^Gvs      , Gg^Gvs      , Gg          , Gs^Vh       , Rrc         , Gg          , Gg          , Gg          , Gg^Gvs      , Gg^Gvs      , Gg^Gvs      , Gg^Gvs      , Rrc         , Gg          , Gg          , Gg          , Gg          , Gg^Gvs      , Gg^Gvs      , Gg          , Gg          , Gg          , Gg          , Gg          , Gg          , Gg          
Gs^Fds      , Gs^Fds      , Gs^Fds      , Gs^Fds      , Gs^Fds      , Gg          , Gg          , Gg          , Gg^Gvs      , Gg          , Gg          , Gg          , Gg          , Gg          , Ww          , Gg          , Gg^Gvs      , Gg          , Gg          , Gg          , Gg          , Gg          , Gg          , Gg          , Gg          , Gg^Gvs      , Rrc         , Rrc         , Gg          , Gg          , Gg          , Gg          , Gg          , Gg          , Gg          , Gg          , Rrc         , Gg          , Gg          , Gg          , Gg          , Gg          , Gg          , Gg          , Gg^Gvs      , Gg          , Gg          , Gg          , Gg          , Gg          
Gs^Fds      , Gs^Fds      , Gs^Fds      , Gs^Fds      , Gg          , Gg          , Gg^Gvs      , Gg^Gvs      , Gg^Gvs      , Gg^Gvs      , Gg^Gvs      , Gg          , Gg          , Ww          , Gg          , Gg^Gvs      , Gg^Gvs      , Gs^Vh       , Gg          , Gg          , Gg^Gvs      , Gg^Gvs      , Gs^Vh       , Gg          , Rrc         , Rrc         , Gg          , Gg          , Gs^Vh       , Gg          , Gg          , Gg          , Gg^Gvs      , Gg^Gvs      , Gg^Gvs      , Gg          , Rrc         , Gg          , Gg          , Gg          , Gg          , Gg          , Gg          , Gg          , Gg          , Gg^Gvs      , Gg^Gvs      , Gg^Gvs      , Gg^Gvs      , Gg          
Gs^Fds      , Gs^Fds      , Gs^Fds      , Gs^Fds      , Gg          , Gg^Gvs      , Gg          , Gs^Vh       , Gg          , Gg^Gvs      , Gg^Gvs      , Gg          , Gg          , Ww          , Gg^Gvs      , Gg^Gvs      , Gg^Gvs      , Gg^Gvs      , Gg          , Gg^Gvs      , Gs^Gvs      , Gs^Gvs      , Rrc         , Rrc         , Gg          , Gg          , Gg^Gvs      , Gg^Gvs      , Gg^Gvs      , Gg          , Gg^Gvs      , Gg^Gvs      , Gg^Gvs      , Gg          , Gs^Vh       , Gg          , Rrc         , Gg          , Gg          , Gg          , Gg          , Gg          , Gg          , Gs^Vh       , Gg^Gvs      , Gg^Gvs      , Gg^Gvs      , Gg^Gvs      , Gg          , Gg          
Gs^Fds      , Gs^Fds      , Gs^Fds      , Gg          , Gg          , Gg          , Gg          , Gg          , Gg          , Gg^Gvs      , Gg^Gvs      , Gg          , Ww          , Ww          , Gg          , Gg^Gvs      , Gg^Gvs      , Gg          , Gg          , Gg^Gvs      , Gg          , Gg^Gvs      , Rrc         , Gg          , Gg          , Gg          , Gg^Gvs      , Gg^Gvs      , Gg^Gvs      , Gg          , Gg          , Gg^Gvs      , Gg          , Gg^Gvs      , Gg^Gvs      , Gg^Gvs      , Rrc         , Gg          , Gg          , Gg^Gvs      , Gg^Gvs      , Gs^Vh       , Gg          , Gg          , Gg^Gvs      , Gg^Gvs      , Gg^Gvs      , Gg^Gvs      , Gg          , Gg          
Gs^Fds      , Gs^Fds      , Gs^Fds      , Gg          , Gg          , Gg          , Gg^Gvs      , Gg          , Gg          , Gg^Gvs      , Gs^Vh       , Gg          , Ww          , Gg^Gvs      , Gg^Gvs      , Gg          , Gg          , Gg          , Gg          , Gg          , Gg          , Rrc         , Gg          , Gg          , Gg          , Gg          , Gg          , Gg^Gvs      , Gg          , Gg          , Gg          , Gg          , Gg^Gvs      , Gg          , Gg          , Gg          , Rrc         , Gg          , Gg          , Gg^Gvs      , Gg^Gvs      , Gg^Gvs      , Gg^Gvs      , Gg          , Gg          , Gg^Gvs      , Gg          , Gg          , Gg          , Gg          
Gs^Fds      , Gs^Fds      , Gg          , Gg          , Gg          , Gg^Gvs      , Gg^Gvs      , Gg^Gvs      , Gg          , Gg          , Gg          , Gg          , Ww          , Gg^Gvs      , Gg^Gvs      , Gg^Gvs      , Gg          , Gg^Gvs      , Gg^Gvs      , Gg^Gvs      , Gs^Vh       , Rrc         , Gg          , Gg          , Gs^Gvs      , Gg^Gvs      , Gg          , Gg          , Gg^Gvs      , Gs^Vh       , Gg^Gvs      , Gg^Gvs      , Gg^Gvs      , Gs^Vh       , Gg^Gvs      , Gg          , Gg          , Rrc         , Gg          , Gg          , Gg          , Gg^Gvs      , Gg^Gvs      , Gg          , Gg          , Gg          , Gg          , Gg          , Gg          , Gg          
Gs^Fds      , Gs^Fds      , Gg          , Gg          , Gg          , Gg          , Gg^Gvs      , Gs^Vh       , Gg          , Gg          , Gg          , Ww          , Gg          , Gg^Gvs      , Gg          , Gs^Vh       , Gg          , Gg^Gvs      , Gg^Gvs      , Gg^Gvs      , Rrc         , Rrc         , Gg          , Gs^Gvs      , Gg^Gvs      , Gs^Vh       , Gg          , Gg^Gvs      , Gg^Gvs      , Gg^Gvs      , Gg^Gvs      , Gg          , Gg^Gvs      , Gg^Gvs      , Gg^Gvs      , Gg^Gvs      , Gg          , Rrc         , Gg          , Gg          , Gg^Gvs      , Gg          , Gg          , Gg          , Gg          , Gg          , Gg^Gvs      , Gg          , Gg          , Gg          
Gs^Fds      , Gg          , Gg^Gvs      , Gg          , Gg^Gvs      , Gg          , Gg          , Gg^Gvs      , Gg          , Gg          , Ww          , Ww          , Gg          , Gg          , Gg^Gvs      , Gg^Gvs      , Gg^Gvs      , Gg          , Gg          , Gg          , Rrc         , Gg          , Gs^Vh       , Gs^Gvs      , Gg^Gvs      , Gs^Gvs      , Gs^Gvs      , Gg^Gvs      , Gg^Gvs      , Gg^Gvs      , Gg^Gvs      , Gg          , Gg          , Gg^Gvs      , Gg          , Gg          , Gg          , Rrc         , Gg          , Gg^Gvs      , Gs^Vh       , Gg^Gvs      , Gg          , Gg          , Gg^Gvs      , Gg^Gvs      , Gs^Vh       , Gs^Gvs      , Gg^Gvs      , Gg          
Rrc         , Gg          , Gg^Gvs      , Gg^Gvs      , Gg^Gvs      , Gg          , Gg          , Gg          , Gg          , Gg          , Ww          , Gg          , Gg          , Gg^Gvs      , Gg^Gvs      , Gg^Gvs      , Gs^Vh       , Gg          , Rrc         , Rrc         , Gg          , Gg          , Gg          , Gs^Gvs      , Gg^Gvs      , Gs^Gvs      , Gg^Gvs      , Gg          , Gg          , Gg^Gvs      , Gg          , Gg          , Gg^Gvs      , Gg          , Gg          , Gg          , Gg          , Rrc         , Gg          , Gg^Gvs      , Gg^Gvs      , Gg^Gvs      , Gg          , Gg          , Gg          , Gg^Gvs      , Gg          , Gg^Gvs      , Gg^Gvs      , Gg          
Gg          , Rrc         , Rrc         , Gg^Gvs      , Gs^Vh       , Gg          , Gg          , Gg          , Gg          , Gg          , Ww          , Gg          , Gg          , Gg^Gvs      , Gg          , Gg^Gvs      , Rrc         , Rrc         , Gg^Gvs      , Gg          , Gs^Gvs      , Gg          , Gg          , Gg          , Gg          , Gg          , Gg          , Gg          , Gg          , Gg          , Gg^Gvs      , Gs^Vh       , Gg          , Gg^Gvs      , Gg          , Gg          , Gg          , Rrc         , Gg          , Gg          , Gg          , Gg          , Gg          , Gg          , Gg          , Gg          , Gg          , Gg^Gvs      , Gg          , Gg          
Gg          , Gg          , Gg          , Rrc         , Rrc         , Gg          , Gg          , Gg^Gvs      , Gg^Gvs      , Gg          , Gg^Gvs      , Ww          , Ww          , Gg          , Rrc         , Rrc         , Gg          , Gg          , Gg          , Gg^Gvs      , Gg^Gvs      , Gs^Vh       , Gg^Gvs      , Gg          , Gg          , Gg          , Gg          , Gg          , Gg          , Gg^Gvs      , Gg          , Gg^Gvs      , Gg^Gvs      , Gg^Gvs      , Gg          , Gg          , Gs^Vh       , Rrc         , Rrc         , Gg          , Gg^Gvs      , Gg          , Gg          , Gg          , Gg          , Gg          , Gg          , Gg          , Gg          , Gg          
Gg          , Gg          , Gg^Gvs      , Gg          , Gg^Gvs      , Rrc         , Rrc         , Gg          , Gg^Gvs      , Gg^Gvs      , Gg^Gvs      , Gg^Gvs      , Rrc         , Ww^Bsb/     , Ww          , Gg          , Gg          , Gg          , Gg          , Gg^Gvs      , Gg^Gvs      , Gg^Gvs      , Gg^Gvs      , Gg^Gvs      , Gg          , Gg          , Gg          , Gg          , Gg          , Gg          , Gg          , Gg          , Gg          , Gg          , Gg          , Gg^Gvs      , Gg^Gvs      , Gg^Gvs      , Rrc         , Gg          , Gg^Gvs      , Gg^Gvs      , Gg^Gvs      , Gg          , Gg          , Gg          , Gg          , Gg          , Gg          , Gg          
Gg          , Gg          , Gg^Gvs      , Gg^Gvs      , Gg^Gvs      , Gg^Gvs      , Gg          , Rrc         , Rrc         , Gg^Gvs      , Gg^Gvs      , Gs^Vh       , Rrc         , Gg          , Gg          , Ww          , Ww          , Gg          , Gg          , Gg          , Gg          , Gg          , Gg          , Gg          , Gg          , Gg          , Gg^Gvs      , Gg^Gvs      , Gg^Gvs      , Gg          , Gg          , Gg          , Gg          , Gg          , Gg          , Gg^Gvs      , Gg^Gvs      , Gg          , Gg          , Rrc         , Rrc         , Gg^Gvs      , Gg^Gvs      , Gs^Vh       , Gg          , Gg^Gvs      , Gg^Gvs      , Gg^Gvs      , Gg^Gvs      , Gg          
Gg^Gvs      , Gg          , Gg          , Gg^Gvs      , Gg^Gvs      , Gg^Gvs      , Gg          , Gg          , Gg          , Rrc         , Rrc         , Rrc         , Gg^Gvs      , Gg^Gvs      , Gg^Gvs      , Gg          , Gg          , Ww          , Ww          , Gg          , Ww          , Gg          , Gg          , Gg          , Gg          , Gg          , Gg^Gvs      , Gs^Vh       , Gg^Gvs      , Gg^Gvs      , Gg^Gvs      , Gg          , Gg          , Gg          , Gg^Gvs      , Gg          , Gg          , Gg          , Gg          , Gg          , Gg          , Rrc         , Rrc         , Gg          , Gg          , Gg^Gvs      , Gg^Gvs      , Gg          , Gg^Gvs      , Gg          
Gg^Gvs      , Gg          , Gg          , Gg^Gvs      , Gg          , Gs^Vh       , Gg          , Gg          , Gg          , Gg          , Rrc         , Gs^Vh       , Gg^Gvs      , Gg^Gvs      , Gg          , Gg          , Gg          , Gg          , Gg          , Ww          , Gg^Gvs      , Ww          , Ww          , Gg          , Gg          , Gg          , Gg^Gvs      , Gg^Gvs      , Gg          , Gg^Gvs      , Gg          , Gg          , Gg^Gvs      , Gg^Gvs      , Gg^Gvs      , Gg^Gvs      , Gg          , Gg          , Gg          , Gg          , Gg          , Gg          , Gs^Vh       , Rrc         , Rrc         , Gs^Vh       , Gg          , Gg^Gvs      , Rrc         , Rrc         
Gg          , Gg^Gvs      , Gg^Gvs      , Gg          , Gg^Gvs      , Gg^Gvs      , Gg^Gvs      , Gg^Gvs      , Gs^Vh       , Gg          , Rrc         , Gg          , Gg          , Gg^Gvs      , Gg          , Gg          , Gg^Gvs      , Gg          , Gg          , Gs^Vh       , Gg^Gvs      , Gg^Gvs      , Gg^Gvs      , Ww          , Ww          , Gg          , Gg          , Gg^Gvs      , Gg          , Gg          , Gs^Vh       , Gg          , Gg          , Gs^Vh       , Gg^Gvs      , Gg^Gvs      , Gg          , Gg          , Ch          , Gg          , Gg          , Gg^Gvs      , Gg^Gvs      , Gg^Gvs      , Gg          , Rrc         , Rrc         , Gg          , Rrc         , Gg          
Gg^Gvs      , Gs^Vh       , Gg^Gvs      , Gg          , Gg          , Gg^Gvs      , Gg^Gvs      , Gg^Gvs      , Gg^Gvs      , Gg          , Rrc         , Gg          , Gg          , Gg          , Gg^Gvs      , Gg^Gvs      , Gs^Vh       , Gg^Gvs      , Gg          , Gg          , Gg          , Gg^Gvs      , Gg^Gvs      , Gg^Gvs      , Gg          , Ww          , Ww          , Ww          , Ww          , Gg^Gvs      , Gg^Gvs      , Gg^Gvs      , Gg^Gvs      , Gg          , Gg          , Gg          , Ch          , Ch          , 6 Kh        , Ch          , Ch          , Gg^Gvs      , Gg^Gvs      , Gg^Gvs      , Gg^Gvs      , Gg^Gvs      , Gs^Vh       , Rrc         , Gg          , Gg          
Gs^Gvs      , Gg^Gvs      , Gg^Gvs      , Gg          , Gg          , Gg^Gvs      , Gg^Gvs      , Gg^Gvs      , Gg^Gvs      , Gg          , Rrc         , Gg          , Gg          , Gg          , Gg          , Gg^Gvs      , Gg^Gvs      , Gg^Gvs      , Gg          , Gg^Gvs      , Gg^Gvs      , Gg^Gvs      , Gg^Gvs      , Gg^Gvs      , Gg          , Gg          , Gg          , Gg          , Gg^Gvs      , Ww          , Ww          , Gg^Gvs      , Gg^Gvs      , Gg^Gvs      , Gg          , Gg          , Ch          , Ch          , Rrc         , Ch          , Ch          , Gg          , Gg          , Gg          , Gg^Gvs      , Gg^Gvs      , Gg^Gvs      , Rrc         , Gg          , Gg          
Gg          , Gg^Gvs      , Gg^Gvs      , Gg          , Gg          , Gg          , Gg^Gvs      , Gg^Gvs      , Gg          , Gg          , Rrc         , Gg          , Gg^Gvs      , Gg^Gvs      , Gg^Gvs      , Gg          , Gg          , Gg          , Gg          , Gg^Gvs      , Gg^Gvs      , Gs^Vh       , Gg^Gvs      , Gg          , Rrc         , Gg          , Rrc         , Gs^Vh       , Gg^Gvs      , Gg^Gvs      , Gg^Gvs      , Ww          , Ww          , Gg^Gvs      , Gg          , Ch          , Ch          , Rrc         , Rrc         , Rrc         , Ch          , Ch          , Ww          , Ww          , Ww          , Gg^Gvs      , Ww          , Ww^Bsb|     , Ww          , Gg          
Gg          , Gg^Gvs      , Gg^Gvs      , Gg          , Gg          , Gg          , Gg          , Gg          , Ch          , Ch          , Rrc         , Gg          , Gg^Gvs      , Gg^Gvs      , Gg^Gvs      , Gg          , Gg          , Gg          , Gg          , Gg          , Gg^Gvs      , Gg^Gvs      , Rrc         , Rrc         , Gg          , Rrc         , Gg          , Rrc         , Rrc         , Gg^Gvs      , Gg^Gvs      , Gg^Gvs      , Gg          , Ww          , Ww          , Ww          , Ww^Bsb/     , Rrc         , Ww^Bsb|     , Rrc         , Ww^Bsb\     , Ww          , Rrc         , Rrc         , Ch          , Ww          , Gg          , Rrc         , Gg          , Ww          
Gg          , Gg^Gvs      , Gg^Gvs      , Gg          , Gg          , Gg          , Gg          , Gg          , Ch          , Ch          , Ch          , Rrc         , Gg^Gvs      , Gs^Vh       , Gg          , Gg          , Gg          , Gg          , Rrc         , Gg          , Rrc         , Rrc         , Gg          , Gg          , Gg          , Gg          , Gg^Gvs      , Gg          , Gg^Gvs      , Rrc         , Rrc         , Gg^Gvs      , Gg          , Gg          , Ch          , Ch          , Ch          , Ww          , Ch          , Ww          , Ch          , Ch          , Rrc         , Rrc         , Rr^Vhc      , Ch          , Rrc         , Rrc         , Gg          , Gg          
Gg          , Gg^Gvs      , Gg^Gvs      , Gg^Gvs      , Gg          , Gg^Gvs      , Gg          , Ch          , Ch          , 7 Kh        , Ch          , Rrc         , Gg          , Gg          , Rrc         , Gg          , Rrc         , Rrc         , Gg          , Rrc         , Gg          , Gg          , Gg          , Gg          , Gg          , Gg^Gvs      , Gg^Gvs      , Gg^Gvs      , Gg^Gvs      , Gg          , Gg          , Rrc         , Rrc         , Ch          , Rr^Vhc      , Rrc         , Rrc         , Ch          , Rrc         , Ch          , Rrc         , Rrc         , Rr^Vhc      , Rrc         , Rrc         , Rrc         , Rrc         , Ch          , Ch          , Gg          
Gg          , Gg          , Gg          , Gs^Vh       , Gg          , Gg^Gvs      , Gg^Gvs      , Ch          , Rrc         , Ch          , Rrc         , Rrc         , Rrc         , Rrc         , Gg          , Rrc         , Gg          , Gg          , Gg          , Gg^Gvs      , Gg^Gvs      , Gg^Gvs      , Gg^Gvs      , Gg          , Gg          , Gg          , Gg          , Gs^Vh       , Gg^Gvs      , Gg          , Gg          , Gg          , Rrc         , Rrc         , Rrc         , Rrc         , Rrc         , Rrc         , Rrc         , Rr^Vhc      , Rrc         , Rrc         , Rr^Vhc      , Rrc         , Rrc         , Rr^Vhc      , Rrc         , Rrc         , Rrc         , Rrc         
Gg          , Gg          , Gg          , Gg          , Gg^Gvs      , Gg^Gvs      , Rrc         , Rrc         , Gg          , Rrc         , Gg          , Gg          , Gg          , Gg          , Gg          , Gg          , Gg          , Gg          , Gg          , Gg^Gvs      , Gg^Gvs      , Gs^Vh       , Gg^Gvs      , Gg^Gvs      , Gg          , Gg          , Gg          , Gg          , Gg          , Gg          , Ch          , Ch          , Rrc         , Rrc         , Rrc         , Rrc         , Rrc         , Rr^Vhc      , Rrc         , Rrc         , Rrc         , Rrc         , Rrc         , Rrc         , Rr^Vhc      , Rrc         , Rr^Vhc      , Rrc         , Rrc         , Ch          
Gg          , Gg          , Gg          , Gs^Vh       , Rrc         , Rrc         , Gg          , Gs^Vh       , Gg^Gvs      , Rrc         , Gg          , Gg          , Gg^Gvs      , Gg^Gvs      , Gg^Gvs      , Gg          , Gg          , Gg          , Gg          , Gg          , Gg          , Gg^Gvs      , Gg          , Gg          , Gg^Gvs      , Gg^Gvs      , Gg          , Gg          , Gg          , Gg          , Ch          , Rrc         , Rrc         , Rr^Vhc      , Rrc         , Rr^Vhc      , Rrc         , Rrc         , Rrc         , Rrc         , Ch          , Ch          , Ch          , Rrc         , Rrc         , Rrc         , Rrc         , Rrc         , Rrc         , Rrc         
Gg          , Gg          , Rrc         , Rrc         , Gg          , Gg          , Gg^Gvs      , Gg^Gvs      , Gg^Gvs      , Rrc         , Gg          , Gg^Gvs      , Gg^Gvs      , Gg^Gvs      , Gg^Gvs      , Gg          , Gg^Gvs      , Gg          , Gg^Gvs      , Gg          , Gg          , Gg          , Gg          , Gg^Gvs      , Gs^Vh       , Gg^Gvs      , Gg          , Gg          , Gg          , Ch          , Rrc         , Rrc         , Rr^Vhc      , Rrc         , Rrc         , Rrc         , Rrc         , Rrc         , Ch          , Ch          , Gg^Efm      , Gg^Fet      , Gs^Fds      , Ch          , Ch          , Rrc         , Rrc         , Rrc         , Rrc         , Rrc         
Rrc         , Rrc         , Gg          , Gg          , Gg          , Gg          , Gg^Gvs      , Gg^Gvs      , Gg          , Rrc         , Rrc         , Gg^Gvs      , Gg          , Gs^Vh       , Gg          , Gg          , Gg^Gvs      , Gg^Gvs      , Gg^Gvs      , Gg^Gvs      , Gg          , Gg          , Gg          , Gg^Gvs      , Gg^Gvs      , Gg^Gvs      , Rrc         , Gg          , Rrc         , Rrc         , Rrc         , Rrc         , Rrc         , Rrc         , Rr^Vhc      , Rrc         , Rrc         , Ch          , Ch          , Gs^Fds      , Ch          , Gg^Efm      , Ww^Ewf      , Gs^Fds      , Ch          , Ch          , Rrc         , Rr^Vhc      , Rrc         , Rrc         
Gg          , Gg          , Gg^Gvs      , Gg          , Gg          , Gg          , Gg          , Gg          , Gg          , Gg          , Gg          , Rrc         , Rrc         , Gg          , Gg          , Gg          , Gg          , Gg^Gvs      , Gg^Gvs      , Gg^Gvs      , Gg          , Gg          , Gg          , Gg          , Rrc         , Rrc         , Gg^Gvs      , Rrc         , Gg          , Ch          , Rrc         , Rrc         , Rrc         , Rrc         , Rrc         , Rrc         , Rrc         , Ch          , Ch          , Gg^Bw/      , Gg^Efm      , 8 Kh        , Ch          , Ch          , Ch          , Ch          , Rr^Vhc      , Rrc         , Rr^Vhc      , Rrc         
Gg^Gvs      , Gs^Vh       , Gg^Gvs      , Gg^Gvs      , Gg          , Gg          , Gg          , Gg          , Gg^Gvs      , Gg          , Gg          , Gg          , Gg          , Rrc         , Rrc         , Gg          , Gg          , Gs^Vh       , Gg^Gvs      , Gg^Gvs      , Gg          , Gg          , Rrc         , Rrc         , Gg^Gvs      , Gg^Gvs      , Gg^Gvs      , Gg^Gvs      , Gg          , Ch          , Rrc         , Rr^Vhc      , Rrc         , Rrc         , Rr^Vhc      , Rrc         , Rrc         , Ch          , Ch          , Gg^Efm      , Ww^Ewf      , Gg^Efm      , Gg^Efm      , Gg^Es       , Ch          , Ch          , Rrc         , Rrc         , Rrc         , Rrc         
Gg          , Gg^Gvs      , Gg^Gvs      , Gg          , Gg          , Gg          , Gg^Gvs      , Gg^Gvs      , Gs^Vh       , Gg^Gvs      , Gg          , Gg          , Gg^Gvs      , Gs^Vh       , Gg^Gvs      , Rrc         , Rrc         , Gg          , Gg          , Gg          , Rrc         , Rrc         , Rrc         , Gg          , Gg          , Gs^Vh       , Gg^Gvs      , Gg^Gvs      , Rrc         , Rrc         , Rrc         , Rrc         , Rr^Vhc      , Rrc         , Rrc         , Rrc         , Rrc         , Rrc         , Rrc         , Ch          , Ch          , Ww^Ewf      , Ch          , Ch          , Rrc         , Rrc         , Rr^Vhc      , Rrc         , Rrc         , Rrc         
Gg          , Gg          , Gg          , Gg          , Gg          , Gg          , Gg          , Gg^Gvs      , Gg^Gvs      , Gg^Gvs      , Gg          , Gg          , Gg          , Gg^Gvs      , Gg^Gvs      , Gg^Gvs      , Gg^Gvs      , Rrc         , Rrc         , Rrc         , Gg          , Gg          , Gg          , Rrc         , Rrc         , Rrc         , Rrc         , Rrc         , Gg          , Rrc         , Rrc         , Rrc         , Rrc         , Rrc         , Rr^Vhc      , Rrc         , Rrc         , Rrc         , Rrc         , Rrc         , Rrc         , Ch          , Rrc         , Rrc         , Rrc         , Rrc         , Rrc         , Rrc         , Rr^Vhc      , Rrc         
Gg          , Gg          , Gg^Gvs      , Gg^Gvs      , Gg^Gvs      , Gg          , Gg          , Gg^Gvs      , Gg          , Gg          , Gg^Gvs      , Gg^Gvs      , Gg^Gvs      , Gg          , Gg          , Gg^Gvs      , Gg          , Gg          , Rrc         , Gg          , Gg^Gvs      , Gg^Gvs      , Gg^Gvs      , Gg          , Gg          , Gg          , Gg^Gvs      , Gg^Gvs      , Gg^Gvs      , Ch          , Rrc         , Rr^Vhc      , Rrc         , Rrc         , Rr^Vhc      , Rrc         , Rrc         , Rrc         , Rrc         , Rr^Vhc      , Rrc         , Rrc         , Rrc         , Rr^Vhc      , Rrc         , Rrc         , Rrc         , Rrc         , Rrc         , Rrc         
Gg^Gvs      , Gg^Gvs      , Gg^Gvs      , Gg^Gvs      , Gs^Vh       , Gg          , Gg          , Gg          , Gg          , Gg^Gvs      , Gg^Gvs      , Gs^Vh       , Gg^Gvs      , Gg          , Gg          , Gg          , Gg          , Rrc         , Gg          , Gg          , Gg^Gvs      , Gs^Vh       , Gg^Gvs      , Gg^Gvs      , Gg          , Gg          , Gg^Gvs      , Gs^Vh       , Gg          , Ch          , Rrc         , Rrc         , Rrc         , Rrc         , Rrc         , Rrc         , Rr^Vhc      , Rr^Vhc      , Rrc         , Rrc         , Rrc         , Rrc         , Rrc         , Rrc         , Rrc         , Rrc         , Rr^Vhc      , Rrc         , Rrc         , Rrc         
Gg          , Gg^Gvs      , Gg^Gvs      , Gg^Gvs      , Gg^Gvs      , Gg^Gvs      , Gg          , Gg          , Gg          , Gg          , Gg          , Gg^Gvs      , Gg^Gvs      , Gg^Gvs      , Gg          , Gg          , Rrc         , Rrc         , Gg          , Gg          , Gg          , Gg^Gvs      , Gg          , Gg          , Gg          , Gg          , Gg          , Gg^Gvs      , Gg          , Rrc         , Gg          , Ch          , Ch          , Rrc         , Rrc         , Rrc         , Rrc         , Rrc         , Rrc         , Rr^Vhc      , Rrc         , Rrc         , Rrc         , Rrc         , Rrc         , Rrc         , Rrc         , Rrc         , Rrc         , Rrc         
