border_size=1
usage=map

Xol         , Zaw         , Zaw         , Zaw         , Zaw         , Zaw         , Zaw         , Xol         , Xol         , Xol         , Xol         , Xol         , Xol         , Xol         , Xol         , Xol         , Xol         , Xol         , Xol         , Xol         , Xol         , Xol         , Xol         , Xol         , Xol         , Xol         , Xol         , Xol         , Xol         , Xol         , Xol         , Xol         , Xol         , Xol         , Xol         , Xol         , Xol         , Xol         , Xol         , Xol         , Xol         , Xol         , Xol         , Xol         , Xol         , Xol         , Xol         , Xol         , Xol         , Xol         , Xol         , Xol         , Xol         , Xol         , Xol         
Xol         , Zaw         , Zaw         , Zaw         , Zaw^Xis     , Zaw         , Zaw         , Xol         , Xol         , Xol         , Xol         , Xol         , Xol         , Xol         , Xol         , Xol         , Xol         , Xol         , Xol         , Xol         , Xol         , Xol         , Xol         , Xol         , Xol         , Xol         , Xol         , Xol         , Xol         , Xol         , Xol         , Xol         , Xol         , Xol         , Xol         , Xol         , Xol         , Xol         , Xol         , Xol         , Xol         , Xol         , Xol         , Xol         , Xol         , Xol         , Xol         , Xol         , Xol         , Xol         , Xol         , Xol         , Xol         , Xol         , Xol         
Xol         , Zaw         , Zaw         , Zaw         , Zaw^Xis     , Zaw^Xis     , Zaw         , Zaw         , Zaw         , Xol         , Xol         , Xol         , Xol         , Xol         , Xol         , Xol         , Xol         , Xol         , Xol         , Xol         , Xol         , Xol         , Xol         , Xol         , Aa          , Xol         , Xol         , Xol         , Xol         , Xol         , Xol         , Xol         , Xol         , Xol         , Xol         , Xol         , Aa          , Xol         , Aa          , Xol         , Xol         , Xol         , Xol         , Xol         , Xol         , Xol         , Xol         , Xol         , Xol         , Xol         , Xol         , Xol         , Xol         , Xol         , Xol         
Xol         , Zaw         , Zaw         , Zaw^Xis     , Zaw         , Zaw^Xis     , Zaw         , Zaw         , Xol         , Zaw         , Zaw         , Xol         , Zaw         , Xol         , Zaw         , Xol         , Zaw         , Xol         , Xol         , Xol         , Xol         , Xol         , Aa          , Aa          , Aa          , Aa          , Aa          , Xol         , Xol         , Xol         , Xol         , Xol         , Xol         , Xol         , Aa          , Aa          , Xol         , Aa          , Xol         , Aa          , Aa          , Aa          , Xol         , Xol         , Xol         , Xol         , Xol         , Xol         , Xol         , Xol         , Xol         , Xol         , Xol         , Xol         , Xol         
Xol         , Xol         , Xol         , Zaw         , Zaw         , Zaw         , Xol         , Zaw         , Zaw         , Xol         , Zaw^Xis     , Zaw         , Xol         , Zaw         , Xol         , Zaw         , Xol         , Zaw         , Zaw         , Zaw^Xis     , Zaw         , Zaw         , Zaw         , Zaw^Xis     , Zaw         , Zaw         , Zaw         , Zaw         , Zaw         , Xol         , Zaw         , Xol         , Xol         , Aa          , Xol         , Xol         , Xol         , Xol         , Xol         , Xol         , Xol         , Aa          , Aa          , Xol         , Xol         , Xol         , Xol         , Xol         , Xol         , Xol         , Xol         , Xol         , Xol         , Xol         , Xol         
Xol         , Xol         , Xol         , Xol         , Zaw         , Xol         , Zaw         , Xol         , Zaw^Xis     , Xol         , Zaw         , Zaw^Xis     , Zaw         , Xol         , Zaw         , Xol         , Xol         , Xol         , Zaw         , Zaw^Xis     , Zaw         , Zaw         , Xol         , Xol         , Xol         , Xol         , Xol         , Xol         , Xol         , Zaw         , Xol         , Xol         , Zaw         , Zaw         , Xol         , Xol         , Xol         , Xol         , Xol         , Xol         , Xol         , Xol         , Aa          , Xol         , Xol         , Xol         , Xol         , Xol         , Xol         , Xol         , Xol         , Xol         , Xol         , Xol         , Xol         
Xol         , Xol         , Xol         , Xol         , Zaw         , Zaw         , Xol         , Zaw^Xis     , Zaw^Xis     , Zaw         , Xol         , Zaw         , Xol         , Zaw         , Zaw         , Xol         , Zaw         , Zaw         , Zaw         , Zaw^Xis     , Zaw^Xis     , Xol         , Xol         , Xol         , Xol         , Xol         , Xol         , Xol         , Zaw         , Zaw^Xis     , Zaw         , Zaw         , Zaw         , Zaw^Xis     , Zaw         , Xol         , Xol         , Xol         , Xol         , Xol         , Zaw^Xis     , Aa          , Aa          , Xol         , Xol         , Xol         , Xol         , Xol         , Xol         , Xol         , Xol         , Xol         , Xol         , Xol         , Xol         
Xol         , Xol         , Xol         , Xol         , Zaw         , Xol         , Zaw         , Zaw^Xis     , Xol         , Xol         , Xol         , Zaw         , Zaw         , Zaw^Xis     , Zaw         , Zaw         , Xol         , Xol         , Xol         , Xol         , Xol         , Zaw         , Zaw         , Xol         , Xol         , Xol         , Xol         , Xol         , Zaw         , Xol         , Xol         , Xol         , Xol         , Zaw         , Xol         , Zaw         , Zaw         , Xol         , Zaw^Xis     , Zaw^Xis     , Zaw         , Zaw         , Xol         , Xol         , Xol         , Xol         , Xol         , Xol         , Xol         , Xol         , Xol         , Xol         , Xol         , Xol         , Xol         
Xol         , Xol         , Xol         , Aa          , Zaw^Xis     , Zaw         , Xol         , Xol         , Xol         , Zaw         , Zaw         , Zaw         , Xol         , Zaw         , Zaw         , Xol         , Xol         , Xol         , Xol         , Xol         , Xol         , Xol         , Xol         , Zaw^Xis     , Zaw^Xis     , Xol         , Xol         , Xol         , Zaw         , Xol         , Xol         , Xol         , Xol         , Xol         , Xol         , Xol         , Xol         , Zaw         , Zaw         , Zaw         , Xol         , Xol         , Xol         , Xol         , Xol         , Xol         , Xol         , Xol         , Xol         , Xol         , Xol         , Xol         , Xol         , Xol         , Xol         
Xol         , Xol         , Xol         , Zaw^Xis     , Zaw^Xis     , Xol         , Xol         , Xol         , Xol         , Xol         , Zaw         , Zaw         , Zaw         , Zaw         , Zaw         , Zaw         , Xol         , Xol         , Xol         , Xol         , Xol         , Xol         , Zaw         , Xol         , Zaw         , Zaw^Xis     , Zaw^Xis     , Xol         , Xol         , Zaw         , Zaw         , Xol         , Xol         , Xol         , Xol         , Xol         , Xol         , Xol         , Zaw         , Zaw         , Zaw         , Xol         , Xol         , Xol         , Xol         , Xol         , Xol         , Xol         , Xol         , Xol         , Xol         , Xol         , Zaw         , Zaw         , Zaw         
Xol         , Xol         , Xol         , Aa          , Zaw         , Xol         , Xol         , Xol         , Xol         , Zaw         , Xol         , Zaw         , Zaw         , Xol         , Xol         , Xol         , Xol         , Xol         , Xol         , Zaw         , Zaw         , Zaw         , Xol         , Zaw         , Zaw         , Zaw         , Zaw         , Zaw         , Zaw         , Zaw         , Xol         , Zaw         , Zaw         , Xol         , Zaw         , Aa          , Xol         , Xol         , Xol         , Zaw^Xis     , Zaw         , Xol         , Zaw         , Xol         , Aa          , Xol         , Xol         , Xol         , Xol         , Xol         , Zaw         , Zaw         , Zaw         , Zaw         , Zaw         
Xol         , Xol         , Xol         , Xol         , Xol         , Zaw         , Zaw         , Xol         , Zaw         , Zaw         , Xol         , Xol         , Zaw         , Zaw         , Zaw         , Zaw         , Zaw         , Xol         , Zaw         , Zaw         , Zaw         , Xol         , Xol         , Xol         , Zaw         , Zaw         , Xol         , Xol         , Xol         , Xol         , Xol         , Xol         , Xol         , Zaw         , Xol         , Zaw         , Xol         , Xol         , Xol         , Xol         , Xol         , Zaw^Xis     , Zaw^Xis     , Zaw         , Zaw         , Xol         , Xol         , Xol         , Zaw         , Zaw         , Zaw         , Zaw^Xis     , 1 Zaw^Xis   , Zaw         , Zaw         
Xol         , Xol         , Xol         , Xol         , Xol         , Xol         , Aa          , Zaw         , Zaw         , Zaw         , Zaw^Xis     , Xol         , Xol         , Zaw^Xis     , Zaw^Xis     , Zaw         , Xol         , Zaw         , Aa          , Zaw         , Zaw         , Xol         , Xol         , Xol         , Xol         , Zaw         , Zaw         , Xol         , Xol         , Xol         , Xol         , Xol         , Xol         , Xol         , Xol         , Zaw         , Zaw         , Xol         , Xol         , Xol         , Xol         , Xol         , Xol         , Xol         , Xol         , Zaw         , Zaw^Xis     , Zaw         , Zaw^Xis     , Zaw         , Zaw^Xis     , Zaw^Xis     , Zaw^Xis     , Zaw^Xis     , Zaw         
Xol         , Xol         , Xol         , Xol         , Xol         , Xol         , Aa          , Aa          , Zaw^Xis     , Zaw         , Zaw         , Xol         , Xol         , Xol         , Zaw^Xis     , Xol         , Xol         , Xol         , Xol         , Aa          , Zaw         , Zaw         , Xol         , Xol         , Xol         , Xol         , Zaw         , Xol         , Xol         , Xol         , Xol         , Xol         , Xol         , Xol         , Xol         , Xol         , Xol         , Zaw         , Zaw         , Xol         , Zaw         , Zaw         , Zaw         , Zaw         , Zaw         , Zaw         , Zaw^Xis     , Zaw^Xis     , Zaw         , Zaw^Xis     , Zaw         , Zaw         , Zaw         , Zaw         , Zaw         
Xol         , Xol         , Xol         , Xol         , Xol         , Xol         , Zaw         , Zaw         , Zaw^Xis     , Xol         , Xol         , Zaw         , Xol         , Xol         , Zaw^Xis     , Xol         , Xol         , Xol         , Xol         , Aa          , Zaw         , Zaw         , Zaw         , Xol         , Xol         , Xol         , Xol         , Zaw         , Zaw         , Xol         , Xol         , Xol         , Xol         , Xol         , Xol         , Xol         , Xol         , Xol         , Xol         , Zaw         , Zaw         , Xol         , Xol         , Xol         , Xol         , Zaw         , Zaw         , Xol         , Xol         , Xol         , Xol         , Zaw         , Zaw         , Zaw         , Zaw         
Xol         , Xol         , Xol         , Xol         , Xol         , Zaw         , Xol         , Zaw^Xis     , Zaw         , Xol         , Xol         , Zaw         , Zaw         , Zaw         , Aa          , Xol         , Xol         , Xol         , Xol         , Xol         , Zaw         , Xol         , Xol         , Zaw         , Zaw         , Zaw         , Zaw         , Xol         , Xol         , Zaw         , Zaw         , Xol         , Xol         , Xol         , Aa          , Xol         , Xol         , Xol         , Zaw         , Zaw         , Xol         , Xol         , Xol         , Xol         , Zaw         , Zaw^Xis     , Xol         , Xol         , Xol         , Xol         , Xol         , Xol         , Xol         , Zaw         , Zaw         
Xol         , Xol         , Xol         , Xol         , Xol         , Xol         , Xol         , Xol         , Zaw         , Zaw         , Xol         , Xol         , Zaw^Xis     , Zaw^Xis     , Aa          , Xol         , Xol         , Xol         , Xol         , Zaw         , Xol         , Xol         , Xol         , Xol         , Xol         , Zaw         , Xol         , Zaw         , Zaw         , Xol         , Xol         , Zaw         , Zaw         , Aa          , Aa          , Aa          , Zaw         , Zaw         , Xol         , Xol         , Zaw^Xis     , Xol         , Zaw^Xis     , Zaw         , Xol         , Zaw^Xis     , Zaw         , Xol         , Zaw         , Xol         , Xol         , Xol         , Xol         , Xol         , Xol         
Xol         , Xol         , Xol         , Xol         , Xol         , Xol         , Xol         , Xol         , Zaw         , Zaw         , Zaw         , Zaw         , Zaw^Xis     , Zaw         , Zaw         , Xol         , Zaw         , Xol         , Zaw         , Zaw         , Xol         , Xol         , Xol         , Xol         , Xol         , Xol         , Xol         , Xol         , Xol         , Zaw         , Xol         , Xol         , Zaw         , Zaw         , Zaw         , Zaw         , Zaw         , Xol         , Xol         , Zaw         , Xol         , Zaw^Xis     , Xol         , Xol         , Xol         , Zaw^Xis     , Xol         , Zaw         , Zaw         , Xol         , Xol         , Xol         , Xol         , Xol         , Xol         
Xol         , Xol         , Xol         , Xol         , Xol         , Xol         , Xol         , Aa          , Zaw         , Xol         , Zaw^Xis     , Zaw^Xis     , Zaw         , Xol         , Xol         , Zaw         , Xol         , Zaw         , Xol         , Zaw         , Zaw         , Xol         , Xol         , Xol         , Xol         , Xol         , Xol         , Xol         , Aa          , Zaw^Xis     , Zaw^Xis     , Xol         , Zaw         , Zaw         , Xol         , Zaw         , Zaw         , Xol         , Zaw         , Zaw         , Aa          , Xol         , Xol         , Xol         , Xol         , Zaw^Xis     , Xol         , Xol         , Zaw         , Zaw         , Zaw         , Xol         , Xol         , Xol         , Xol         
Xol         , Xol         , Xol         , Xol         , Xol         , Xol         , Xol         , Aa          , Aa          , Zaw^Xis     , Zaw^Xis     , Zaw^Xis     , Xol         , Xol         , Xol         , Xol         , Xol         , Xol         , Xol         , Xol         , Xol         , Zaw         , Zaw         , Xol         , Xol         , Xol         , Xol         , Aa          , Aa          , Zaw^Xis     , Zaw^Xis     , Zaw^Xis     , Zaw^Xis     , Zaw         , Zaw         , Zaw         , Zaw         , Zaw         , Zaw         , Zaw         , Aa          , Aa          , Xol         , Xol         , Xol         , Zaw         , Zaw^Xis     , Zaw         , Zaw^Xis     , Xol         , Zaw         , Xol         , Xol         , Xol         , Xol         
Xol         , Xol         , Xol         , Xol         , Xol         , Xol         , Xol         , Aa          , Zaw^Xis     , Zaw         , Zaw         , Xol         , Xol         , Xol         , Xol         , Xol         , Xol         , Xol         , Xol         , Xol         , Xol         , Xol         , Xol         , Zaw         , Zaw         , Xol         , Xol         , Aa          , Zaw         , Zaw^Xis     , Xol         , Zaw^Xis     , Zaw^Xis     , Zaw^Xis     , Aa          , Zaw^Xis     , Zaw         , Zaw         , Xol         , Zaw         , Zaw^Xis     , Aa          , Xol         , Xol         , Zaw         , Zaw         , Zaw^Xis     , Zaw^Xis     , Zaw^Xis     , Xol         , Zaw         , Xol         , Xol         , Xol         , Xol         
Xol         , Xol         , Xol         , Xol         , Xol         , Xol         , Xol         , Xol         , Zaw^Xis     , Xol^Xis     , Xol         , Zaw         , Xol         , Xol         , Xol         , Xol         , Xol         , Xol         , Xol         , Xol         , Xol         , Xol         , Xol         , Xol         , Xol         , Zaw         , Zaw         , Zaw         , Zaw^Xis     , Zaw         , Zaw         , Zaw         , Aa          , Aa          , Ai          , Aa          , Aa          , Zaw         , Zaw^Xis     , Zaw^Xis     , Zaw         , Zaw         , Zaw         , Zaw         , Xol         , Xol         , Zaw         , Zaw         , Xol         , Zaw         , Zaw^Xis     , Xol         , Xol         , Xol         , Xol         
Xol         , Xol         , Xol         , Xol         , Xol         , Xol         , Xol         , Xol         , Zaw         , Xol         , Xol         , Xol         , Aa          , Xol         , Xol         , Xol         , Xol         , Xol         , Xol         , Xol         , Xol         , Xol         , Xol         , Xol         , Xol         , Xol         , Xol         , Xol         , Xol         , Zaw         , Zaw^Xis     , Zaw^Xis     , Aa          , Ai          , 2 Ai        , Ai          , Aa          , Zaw         , Zaw^Xis     , Zaw^Xis     , Xol         , Xol         , Xol         , Xol         , Zaw         , Zaw         , Zaw^Xis     , Xol         , Xol         , Xol         , Zaw^Xis     , Zaw         , Xol         , Xol         , Xol         
Xol         , Xol         , Xol         , Xol         , Xol         , Xol         , Xol         , Zaw         , Zaw^Xis     , Xol         , Zaw^Xis     , Xol         , Aa          , Aa          , Aa          , Xol         , Aa          , Xol         , Xol         , Xol         , Xol         , Xol         , Xol         , Xol         , Xol         , Xol         , Zaw         , Xol         , Zaw         , Zaw         , Zaw^Xis     , Zaw^Xis     , Aa          , Ai          , Ai          , Ai          , Aa          , Zaw         , Zaw         , Zaw         , Zaw         , Xol         , Zaw         , Zaw         , Xol         , Xol         , Zaw^Xis     , Xol         , Xol         , Xol         , Zaw         , Zaw         , Xol         , Xol         , Xol         
Xol         , Xol         , Xol         , Xol         , Xol         , Xol         , Xol         , Zaw         , Zaw         , Zaw^Xis     , Zaw^Xis     , Zaw         , Zaw         , Zaw         , Zaw^Xis     , Aa          , Aa          , Xol         , Xol         , Xol         , Xol         , Xol         , Xol         , Xol         , Zaw         , Zaw         , Xol         , Zaw         , Zaw         , Zaw         , Xol         , Zaw         , Zaw         , Aa          , Aa          , Aa          , Zaw^Xis     , Zaw         , Xol         , Zaw         , Zaw         , Zaw         , Xol         , Xol         , Xol         , Xol         , Zaw^Xis     , Zaw         , Xol         , Xol         , Zaw         , Xol         , Xol         , Xol         , Xol         
Xol         , Xol         , Xol         , Xol         , Xol         , Xol         , Xol         , Xol         , Zaw         , Xol         , Xol         , Xol         , Xol         , Xol         , Zaw         , Zaw^Xis     , Xol         , Xol         , Xol         , Xol         , Xol         , Xol         , Xol         , Xol         , Zaw^Xis     , Xol         , Xol         , Aa          , Aa          , Zaw^Xis     , Zaw^Xis     , Zaw         , Zaw         , Zaw^Xis     , Zaw         , Zaw         , Zaw         , Zaw         , Zaw         , Zaw         , Aa          , Aa          , Xol         , Xol         , Xol         , Xol         , Xol         , Zaw         , Xol^Xis     , Zaw         , Xol         , Xol         , Xol         , Xol         , Xol         
Xol         , Xol         , Xol         , Xol         , Xol         , Zaw         , Zaw^Xis     , Zaw         , Zaw^Xis     , Xol         , Aa          , Xol         , Aa          , Xol         , Zaw         , Zaw         , Zaw         , Xol         , Xol         , Xol         , Xol         , Xol         , Xol         , Xol         , Zaw^Xis     , Xol         , Xol         , Aa          , Aa          , Zaw^Xis     , Zaw         , Zaw         , Zaw         , Zaw^Xis     , Xol         , Zaw         , Zaw         , Zaw         , Zaw         , Zaw         , Aa          , Aa          , Xol         , Xol         , Xol         , Xol         , Zaw         , Zaw         , Zaw         , Zaw^Xis     , Xol         , Xol         , Xol         , Xol         , Xol         
Xol         , Xol         , Xol         , Xol         , Zaw^Xis     , Zaw^Xis     , Xol         , Xol         , Xol         , Zaw^Xis     , Zaw^Xis     , Aa          , Zaw         , Zaw         , Zaw         , Xol         , Zaw         , Xol         , Xol         , Xol         , Xol         , Xol         , Xol         , Xol         , Zaw^Xis     , Xol         , Xol         , Xol         , Xol         , Zaw         , Xol         , Xol         , Zaw         , Zaw         , Zaw         , Zaw         , Zaw         , Xol         , Xol         , Zaw         , Xol         , Xol         , Xol         , Xol         , Xol         , Xol         , Zaw         , Xol         , Xol         , Zaw^Xis     , Xol         , Xol         , Xol         , Xol         , Xol         
Xol         , Xol         , Xol         , Xol         , Zaw^Xis     , Xol         , Xol         , Xol         , Zaw         , Zaw         , Xol         , Zaw         , Zaw         , Zaw         , Zaw         , Xol         , Zaw         , Xol         , Zaw         , Zaw         , Zaw         , Xol         , Aa          , Zaw         , Xol         , Xol         , Xol         , Xol         , Zaw         , Zaw         , Xol         , Xol         , Zaw         , Zaw         , Aa          , Zaw         , Zaw         , Xol         , Xol         , Zaw         , Zaw         , Xol         , Xol         , Xol         , Xol         , Xol         , Zaw^Xis     , Xol         , Zaw         , Zaw         , Xol         , Xol         , Xol         , Xol         , Xol         
Xol         , Xol         , Xol         , Xol         , Zaw^Xis     , Xol         , Zaw         , Zaw         , Xol         , Xol         , Xol         , Xol         , Zaw         , Xol         , Xol         , Zaw         , Zaw         , Zaw         , Xol         , Zaw         , Zaw         , Zaw         , Zaw         , Zaw         , Xol         , Xol         , Xol         , Zaw         , Xol         , Xol         , Zaw         , Zaw         , Xol         , Aa          , Aa          , Aa          , Xol         , Zaw         , Zaw         , Xol         , Xol         , Zaw^Xis     , Xol         , Xol         , Xol         , Xol         , Zaw^Xis     , Zaw^Xis     , Zaw         , Xol         , Xol         , Xol         , Xol         , Xol         , Xol         
Xol         , Xol         , Xol         , Zaw         , Zaw^Xis     , Zaw         , Aa          , Zaw         , Zaw         , Xol         , Zaw         , Xol         , Zaw         , Xol         , Xol         , Xol         , Zaw         , Zaw         , Xol         , Xol         , Xol         , Zaw         , Zaw^Xis     , Zaw         , Zaw         , Zaw         , Zaw         , Zaw         , Xol         , Xol         , Zaw         , Xol         , Xol         , Xol         , Xol         , Xol         , Xol         , Xol         , Xol         , Zaw         , Xol         , Zaw         , Zaw         , Xol         , Zaw         , Xol         , Zaw^Xis     , Zaw         , Zaw^Xis     , Zaw         , Xol         , Xol         , Xol         , Xol         , Xol         
Xol         , Xol         , Xol         , Zaw         , Xol         , Zaw^Xis     , Xol         , Xol         , Zaw         , Zaw         , Zaw         , Zaw         , Zaw         , Zaw         , Zaw         , Zaw         , Zaw         , Xol         , Aa          , Aa          , Zaw         , Zaw^Xis     , Zaw         , Zaw         , Xol         , Xol         , Xol         , Xol         , Xol         , Xol         , Zaw         , Xol         , Xol         , Xol         , Xol         , Xol         , Xol         , Xol         , Xol         , Zaw         , Xol         , Xol         , Xol         , Zaw         , Xol         , Zaw^Xis     , Zaw^Xis     , Zaw         , Xol         , Zaw         , Xol         , Xol         , Xol         , Xol         , Xol         
Xol         , Xol         , Xol         , Zaw         , Xol         , Zaw^Xis     , Xol         , Xol         , Zaw         , Xol         , Xol         , Zaw^Xis     , Zaw         , Xol         , Xol         , Zaw         , Xol         , Xol         , Aa          , Aa          , Zaw^Xis     , Zaw^Xis     , Zaw         , Zaw         , Zaw         , Xol         , Xol         , Xol         , Xol         , Xol         , Zaw         , Xol         , Xol         , Xol         , Xol         , Xol         , Xol         , Xol         , Xol         , Zaw         , Xol         , Xol         , Xol         , Xol         , Zaw         , Zaw         , Xol         , Xol         , Zaw         , Zaw         , Xol         , Xol         , Xol         , Xol         , Xol         
Xol         , Xol         , Xol         , Zaw         , Xol         , Zaw^Xis     , Zaw         , Xol         , Zaw         , Xol         , Xol         , Zaw         , Zaw         , Xol         , Zaw         , Zaw         , Xol         , Xol         , Zaw^Xis     , Zaw^Xis     , Zaw^Xis     , Aa          , Zaw         , Xol         , Xol         , Zaw         , Zaw         , Xol         , Xol         , Xol         , Xol         , Zaw         , Zaw         , Xol         , Xol         , Xol         , Xol         , Xol         , Zaw         , Zaw         , Xol         , Xol         , Zaw         , Zaw         , Zaw         , Xol         , Zaw         , Zaw         , Zaw         , Xol         , Xol         , Xol         , Xol         , Xol         , Xol         
Xol         , Xol         , Xol         , Zaw         , Zaw         , Zaw^Xis     , Zaw         , Xol         , Zaw         , Xol         , Xol         , Xol         , Xol         , Zaw         , Zaw         , Xol         , Xol         , Zaw         , Zaw         , Zaw         , Zaw^Xis     , Zaw^Xis     , Zaw         , Zaw         , Zaw         , Xol         , Zaw         , Zaw         , Zaw         , Zaw         , Zaw         , Zaw         , Zaw^Xis     , Xol         , Zaw         , Zaw         , Zaw^Xis     , Zaw         , Zaw^Xis     , Zaw^Xis     , Zaw         , Zaw         , Xol         , Zaw         , Xol         , Zaw         , Xol         , Zaw         , Xol         , Xol         , Xol         , Xol         , Xol         , Xol         , Xol         
Xol         , Xol         , Xol         , Xol         , Zaw         , Zaw^Xis     , Zaw         , Zaw         , Zaw         , Zaw         , Xol         , Xol         , Xol         , Zaw         , Aa          , Zaw         , Zaw         , Zaw         , Xol         , Xol         , Xol         , Zaw^Xis     , Zaw         , Xol         , Zaw         , Zaw         , Xol         , Xol         , Xol         , Zaw         , Zaw^Xis     , Zaw^Xis     , Aa          , Zaw^Xis     , Xol         , Zaw         , Zaw         , Zaw^Xis     , Xol         , Xol         , Xol         , Xol         , Xol         , Xol         , Xol         , Xol         , Xol         , Xol         , Xol         , Xol         , Xol         , Xol         , Xol         , Xol         , Xol         
Xol         , Xol         , Xol         , Xol         , Zaw^Xis     , Zaw^Xis     , Xol         , Zaw         , Xol         , Zaw         , Zaw         , Xol         , Xol         , Xol         , Xol         , Xol         , Xol         , Zaw         , Zaw         , Zaw         , Zaw         , Zaw^Xis     , Zaw         , Zaw         , Zaw         , Xol         , Xol         , Xol         , Xol         , Zaw         , Zaw         , Aa          , Aa          , Xol         , Xol         , Xol         , Xol         , Xol         , Xol         , Xol         , Xol         , Xol         , Xol         , Xol         , Xol         , Xol         , Xol         , Xol         , Xol         , Xol         , Xol         , Xol         , Xol         , Xol         , Xol         
Xol         , Xol         , Aa          , Aa          , Zaw^Xis     , Xol         , Xol         , Zaw         , Xol         , Xol         , Zaw         , Zaw         , Xol         , Xol         , Xol         , Xol         , Xol         , Xol         , Xol         , Zaw         , Xol         , Zaw         , Xol         , Zaw         , Zaw         , Xol         , Xol         , Xol         , Zaw         , Zaw         , Xol         , Aa          , Xol         , Xol         , Xol         , Xol         , Xol         , Xol         , Xol         , Xol         , Xol         , Xol         , Xol         , Xol         , Xol         , Xol         , Xol         , Xol         , Xol         , Xol         , Xol         , Xol         , Xol         , Xol         , Xol         
Xol         , Xol         , Aa          , Aa          , Zaw^Xis     , Xol         , Zaw         , Zaw         , Zaw^Xis     , Zaw         , Zaw         , Zaw         , Xol         , Xol         , Xol         , Xol         , Xol         , Xol         , Xol         , Xol         , Zaw         , Zaw         , Xol         , Xol         , Zaw         , Zaw         , Xol         , Zaw         , Xol         , Xol         , Xol         , Xol         , Xol         , Xol         , Xol         , Xol         , Xol         , Xol         , Xol         , Xol         , Xol         , Xol         , Xol         , Xol         , Xol         , Xol         , Xol         , Xol         , Xol         , Xol         , Xol         , Xol         , Xol         , Xol         , Xol         
Xol         , Xol         , Xol         , Aa          , Zaw^Xis     , Zaw         , Zaw         , Zaw         , Zaw^Xis     , Zaw         , Zaw         , Xol         , Xol         , Xol         , Xol         , Xol         , Xol         , Zaw         , Zaw         , Zaw         , Aa          , Zaw         , Xol         , Xol         , Zaw         , Xol         , Zaw         , Zaw         , Xol         , Xol         , Xol         , Xol         , Xol         , Xol         , Xol         , Xol         , Xol         , Xol         , Xol         , Xol         , Xol         , Xol         , Xol         , Xol         , Xol         , Xol         , Xol         , Xol         , Xol         , Xol         , Xol         , Xol         , Xol         , Xol         , Xol         
Xol         , Xol         , Xol         , Aa          , Xol         , Zaw         , Xol         , Zaw         , Zaw^Xis     , Zaw^Xis     , Xol         , Xol         , Xol         , Xol         , Xol         , Xol         , Zaw         , Zaw         , Xol         , Xol         , Zaw^Xis     , Zaw         , Zaw         , Zaw         , Zaw^Xis     , Zaw         , Xol         , Xol         , Xol         , Xol         , Xol         , Xol         , Xol         , Xol         , Xol         , Xol         , Xol         , Xol         , Xol         , Xol         , Xol         , Xol         , Xol         , Xol         , Xol         , Xol         , Xol         , Xol         , Xol         , Xol         , Xol         , Xol         , Xol         , Xol         , Xol         
Xol         , Xol         , Xol         , Xol         , Xol         , Zaw         , Zaw         , Xol         , Zaw         , Zaw         , Xol         , Zaw         , Zaw         , Zaw         , Zaw         , Xol         , Xol         , Zaw         , Zaw^Xis     , Zaw         , Xol         , Zaw         , Zaw         , Xol         , Xol         , Xol         , Xol         , Xol         , Xol         , Xol         , Xol         , Xol         , Xol         , Xol         , Xol         , Xol         , Xol         , Xol         , Xol         , Xol         , Xol         , Xol         , Xol         , Xol         , Xol         , Xol         , Xol         , Xol         , Xol         , Xol         , Xol         , Xol         , Xol         , Xol         , Xol         
Xol         , Xol         , Xol         , Xol         , Xol         , Xol         , Zaw         , Xol         , Zaw         , Zaw         , Xol         , Zaw         , Zaw^Xis     , Zaw^Xis     , Zaw         , Xol         , Xol         , Zaw         , Zaw^Xis     , Xol         , Xol         , Xol         , Xol         , Xol         , Xol         , Xol         , Xol         , Xol         , Xol         , Xol         , Xol         , Xol         , Xol         , Xol         , Xol         , Xol         , Xol         , Xol         , Xol         , Xol         , Xol         , Xol         , Xol         , Xol         , Xol         , Xol         , Xol         , Xol         , Xol         , Xol         , Xol         , Xol         , Xol         , Xol         , Xol         
Xol         , Xol         , Xol         , Xol         , Xol         , Xol         , Zaw         , Zaw         , Xol         , Xol         , Zaw         , Zaw         , Zaw^Xis     , Zaw^Xis     , Zaw^Xis     , Zaw         , Zaw         , Xol         , Zaw         , Xol         , Xol         , Xol         , Xol         , Xol         , Xol         , Xol         , Xol         , Xol         , Xol         , Xol         , Xol         , Xol         , Xol         , Xol         , Xol         , Xol         , Xol         , Xol         , Xol         , Xol         , Xol         , Xol         , Xol         , Xol         , Xol         , Xol         , Xol         , Xol         , Xol         , Xol         , Xol         , Xol         , Xol         , Xol         , Xol         
Xol         , Xol         , Xol         , Xol         , Xol         , Xol         , Xol         , Xol         , Zaw         , Zaw         , Zaw         , Zaw^Xis     , Zaw^Xis     , Zaw^Xis     , Zaw^Xis     , Zaw         , Zaw         , Xol         , Xol         , Xol         , Xol         , Xol         , Xol         , Xol         , Xol         , Xol         , Xol         , Xol         , Xol         , Xol         , Xol         , Xol         , Xol         , Xol         , Xol         , Xol         , Xol         , Xol         , Xol         , Xol         , Xol         , Xol         , Xol         , Xol         , Xol         , Xol         , Xol         , Xol         , Xol         , Xol         , Xol         , Xol         , Xol         , Xol         , Xol         
Xol         , Xol         , Xol         , Xol         , Xol         , Xol         , Xol         , Zaw         , Zaw         , Zaw         , Zaw^Xis     , Zaw^Xis     , Zaw^Xis     , Zaw^Xis     , Zaw         , Zaw         , Zaw         , Zaw         , Xol         , Xol         , Xol         , Xol         , Xol         , Xol         , Xol         , Xol         , Xol         , Xol         , Xol         , Xol         , Xol         , Xol         , Xol         , Xol         , Xol         , Xol         , Xol         , Xol         , Xol         , Xol         , Xol         , Xol         , Xol         , Xol         , Xol         , Xol         , Xol         , Xol         , Xol         , Xol         , Xol         , Xol         , Xol         , Xol         , Xol         
